Archive member included to satisfy reference by file (symbol)

c:/users/canna_000/.p2/pool/plugins/fr.ac6.mcu.externaltools.arm-none.win32_1.13.2.201703061525/tools/compiler/bin/../lib/gcc/arm-none-eabi/5.4.1/armv6-m\libgcc.a(_udivsi3.o)
                              Drivers/STM32F0xx_HAL_Driver/Src/stm32f0xx_hal.o (__aeabi_uidiv)
c:/users/canna_000/.p2/pool/plugins/fr.ac6.mcu.externaltools.arm-none.win32_1.13.2.201703061525/tools/compiler/bin/../lib/gcc/arm-none-eabi/5.4.1/armv6-m\libgcc.a(_divsi3.o)
                              Src/main.o (__aeabi_idiv)
c:/users/canna_000/.p2/pool/plugins/fr.ac6.mcu.externaltools.arm-none.win32_1.13.2.201703061525/tools/compiler/bin/../lib/gcc/arm-none-eabi/5.4.1/armv6-m\libgcc.a(_dvmd_tls.o)
                              c:/users/canna_000/.p2/pool/plugins/fr.ac6.mcu.externaltools.arm-none.win32_1.13.2.201703061525/tools/compiler/bin/../lib/gcc/arm-none-eabi/5.4.1/armv6-m\libgcc.a(_udivsi3.o) (__aeabi_idiv0)
c:/users/canna_000/.p2/pool/plugins/fr.ac6.mcu.externaltools.arm-none.win32_1.13.2.201703061525/tools/compiler/bin/../lib/gcc/arm-none-eabi/5.4.1/../../../../arm-none-eabi/lib/armv6-m\libc_nano.a(lib_a-exit.o)
                              c:/users/canna_000/.p2/pool/plugins/fr.ac6.mcu.externaltools.arm-none.win32_1.13.2.201703061525/tools/compiler/bin/../lib/gcc/arm-none-eabi/5.4.1/../../../../arm-none-eabi/lib/armv6-m/crt0.o (exit)
c:/users/canna_000/.p2/pool/plugins/fr.ac6.mcu.externaltools.arm-none.win32_1.13.2.201703061525/tools/compiler/bin/../lib/gcc/arm-none-eabi/5.4.1/../../../../arm-none-eabi/lib/armv6-m\libc_nano.a(lib_a-impure.o)
                              c:/users/canna_000/.p2/pool/plugins/fr.ac6.mcu.externaltools.arm-none.win32_1.13.2.201703061525/tools/compiler/bin/../lib/gcc/arm-none-eabi/5.4.1/../../../../arm-none-eabi/lib/armv6-m\libc_nano.a(lib_a-exit.o) (_global_impure_ptr)
c:/users/canna_000/.p2/pool/plugins/fr.ac6.mcu.externaltools.arm-none.win32_1.13.2.201703061525/tools/compiler/bin/../lib/gcc/arm-none-eabi/5.4.1/../../../../arm-none-eabi/lib/armv6-m\libc_nano.a(lib_a-init.o)
                              c:/users/canna_000/.p2/pool/plugins/fr.ac6.mcu.externaltools.arm-none.win32_1.13.2.201703061525/tools/compiler/bin/../lib/gcc/arm-none-eabi/5.4.1/../../../../arm-none-eabi/lib/armv6-m/crt0.o (__libc_init_array)
c:/users/canna_000/.p2/pool/plugins/fr.ac6.mcu.externaltools.arm-none.win32_1.13.2.201703061525/tools/compiler/bin/../lib/gcc/arm-none-eabi/5.4.1/../../../../arm-none-eabi/lib/armv6-m\libc_nano.a(lib_a-memcpy-stub.o)
                              Drivers/STM32F0xx_HAL_Driver/Src/stm32f0xx_hal_rcc.o (memcpy)
c:/users/canna_000/.p2/pool/plugins/fr.ac6.mcu.externaltools.arm-none.win32_1.13.2.201703061525/tools/compiler/bin/../lib/gcc/arm-none-eabi/5.4.1/../../../../arm-none-eabi/lib/armv6-m\libc_nano.a(lib_a-memset.o)
                              c:/users/canna_000/.p2/pool/plugins/fr.ac6.mcu.externaltools.arm-none.win32_1.13.2.201703061525/tools/compiler/bin/../lib/gcc/arm-none-eabi/5.4.1/../../../../arm-none-eabi/lib/armv6-m/crt0.o (memset)
c:/users/canna_000/.p2/pool/plugins/fr.ac6.mcu.externaltools.arm-none.win32_1.13.2.201703061525/tools/compiler/bin/../lib/gcc/arm-none-eabi/5.4.1/../../../../arm-none-eabi/lib/armv6-m\libnosys.a(_exit.o)
                              c:/users/canna_000/.p2/pool/plugins/fr.ac6.mcu.externaltools.arm-none.win32_1.13.2.201703061525/tools/compiler/bin/../lib/gcc/arm-none-eabi/5.4.1/../../../../arm-none-eabi/lib/armv6-m\libc_nano.a(lib_a-exit.o) (_exit)

Allocating common symbols
Common symbol       size              file

NIXIE_Digit4        0x1               Src/main.o
TimeFormat          0x1               Src/main.o
hUsbDeviceFS        0x224             Src/usb_device.o
NIXIE_Digit2        0x1               Src/main.o
RTC_Date            0x4               Src/main.o
USB_TimeFormat      0x1               Src/main.o
hi2c1               0x4c              Src/main.o
RTC_Time            0x14              Src/main.o
uwTick              0x4               Drivers/STM32F0xx_HAL_Driver/Src/stm32f0xx_hal.o
pFlash              0x20              Drivers/STM32F0xx_HAL_Driver/Src/stm32f0xx_hal_flash.o
UserRxBufferFS      0x3e8             Src/usbd_cdc_if.o
HV_Enable           0x1               Src/main.o
USB_Hours           0x1               Src/main.o
UserTxBufferFS      0x3e8             Src/usbd_cdc_if.o
USB_Update_Brightness
                    0x1               Src/main.o
hrtc                0x20              Src/main.o
TIM_Prescaler       0x2               Src/main.o
NIXIE_Digit3        0x1               Src/main.o
htim1               0x40              Src/main.o
USB_Update_RefFreq  0x1               Src/main.o
NIXIE_Digit1        0x1               Src/main.o
USB_Brightness      0x1               Src/main.o
TIM_Compare         0x2               Src/main.o
htim2               0x40              Src/main.o
USB_Update_TimeFormat
                    0x1               Src/main.o
[...]
Memory Configuration

Name             Origin             Length             Attributes
RAM              0x20000000         0x00001800         xrw
FLASH            0x08000000         0x00008000         xr
*default*        0x00000000         0xffffffff

Linker script and memory map

LOAD c:/users/canna_000/.p2/pool/plugins/fr.ac6.mcu.externaltools.arm-none.win32_1.13.2.201703061525/tools/compiler/bin/../lib/gcc/arm-none-eabi/5.4.1/armv6-m/crti.o
LOAD c:/users/canna_000/.p2/pool/plugins/fr.ac6.mcu.externaltools.arm-none.win32_1.13.2.201703061525/tools/compiler/bin/../lib/gcc/arm-none-eabi/5.4.1/armv6-m/crtbegin.o
LOAD c:/users/canna_000/.p2/pool/plugins/fr.ac6.mcu.externaltools.arm-none.win32_1.13.2.201703061525/tools/compiler/bin/../lib/gcc/arm-none-eabi/5.4.1/../../../../arm-none-eabi/lib/armv6-m/crt0.o
LOAD c:/users/canna_000/.p2/pool/plugins/fr.ac6.mcu.externaltools.arm-none.win32_1.13.2.201703061525/tools/compiler/bin/../lib/gcc/arm-none-eabi/5.4.1/../../../../arm-none-eabi/lib/armv6-m\libm.a
LOAD Drivers/STM32F0xx_HAL_Driver/Src/stm32f0xx_hal.o
LOAD Drivers/STM32F0xx_HAL_Driver/Src/stm32f0xx_hal_adc.o
LOAD Drivers/STM32F0xx_HAL_Driver/Src/stm32f0xx_hal_adc_ex.o
LOAD Drivers/STM32F0xx_HAL_Driver/Src/stm32f0xx_hal_cortex.o
LOAD Drivers/STM32F0xx_HAL_Driver/Src/stm32f0xx_hal_dma.o
LOAD Drivers/STM32F0xx_HAL_Driver/Src/stm32f0xx_hal_flash.o
LOAD Drivers/STM32F0xx_HAL_Driver/Src/stm32f0xx_hal_flash_ex.o
LOAD Drivers/STM32F0xx_HAL_Driver/Src/stm32f0xx_hal_gpio.o
LOAD Drivers/STM32F0xx_HAL_Driver/Src/stm32f0xx_hal_i2c.o
LOAD Drivers/STM32F0xx_HAL_Driver/Src/stm32f0xx_hal_i2c_ex.o
LOAD Drivers/STM32F0xx_HAL_Driver/Src/stm32f0xx_hal_pcd.o
LOAD Drivers/STM32F0xx_HAL_Driver/Src/stm32f0xx_hal_pcd_ex.o
LOAD Drivers/STM32F0xx_HAL_Driver/Src/stm32f0xx_hal_pwr.o
LOAD Drivers/STM32F0xx_HAL_Driver/Src/stm32f0xx_hal_pwr_ex.o
LOAD Drivers/STM32F0xx_HAL_Driver/Src/stm32f0xx_hal_rcc.o
LOAD Drivers/STM32F0xx_HAL_Driver/Src/stm32f0xx_hal_rcc_ex.o
LOAD Drivers/STM32F0xx_HAL_Driver/Src/stm32f0xx_hal_rtc.o
LOAD Drivers/STM32F0xx_HAL_Driver/Src/stm32f0xx_hal_rtc_ex.o
LOAD Drivers/STM32F0xx_HAL_Driver/Src/stm32f0xx_hal_tim.o
LOAD Drivers/STM32F0xx_HAL_Driver/Src/stm32f0xx_hal_tim_ex.o
LOAD Drivers/STM32F0xx_HAL_Driver/Src/stm32f0xx_hal_tsc.o
LOAD Middlewares/ST/STM32_USB_Device_Library/Class/CDC/Src/usbd_cdc.o
LOAD Middlewares/ST/STM32_USB_Device_Library/Core/Src/usbd_core.o
LOAD Middlewares/ST/STM32_USB_Device_Library/Core/Src/usbd_ctlreq.o
LOAD Middlewares/ST/STM32_USB_Device_Library/Core/Src/usbd_ioreq.o
LOAD Src/main.o
LOAD Src/stm32f0xx_hal_msp.o
LOAD Src/stm32f0xx_it.o
LOAD Src/system_stm32f0xx.o
LOAD Src/usb_device.o
LOAD Src/usbd_cdc_if.o
LOAD Src/usbd_conf.o
LOAD Src/usbd_desc.o
LOAD startup/startup_stm32f042x6.o
START GROUP
LOAD c:/users/canna_000/.p2/pool/plugins/fr.ac6.mcu.externaltools.arm-none.win32_1.13.2.201703061525/tools/compiler/bin/../lib/gcc/arm-none-eabi/5.4.1/armv6-m\libgcc.a
LOAD c:/users/canna_000/.p2/pool/plugins/fr.ac6.mcu.externaltools.arm-none.win32_1.13.2.201703061525/tools/compiler/bin/../lib/gcc/arm-none-eabi/5.4.1/../../../../arm-none-eabi/lib/armv6-m\libc_nano.a
END GROUP
START GROUP
LOAD c:/users/canna_000/.p2/pool/plugins/fr.ac6.mcu.externaltools.arm-none.win32_1.13.2.201703061525/tools/compiler/bin/../lib/gcc/arm-none-eabi/5.4.1/armv6-m\libgcc.a
LOAD c:/users/canna_000/.p2/pool/plugins/fr.ac6.mcu.externaltools.arm-none.win32_1.13.2.201703061525/tools/compiler/bin/../lib/gcc/arm-none-eabi/5.4.1/../../../../arm-none-eabi/lib/armv6-m\libc_nano.a
LOAD c:/users/canna_000/.p2/pool/plugins/fr.ac6.mcu.externaltools.arm-none.win32_1.13.2.201703061525/tools/compiler/bin/../lib/gcc/arm-none-eabi/5.4.1/../../../../arm-none-eabi/lib/armv6-m\libnosys.a
END GROUP
START GROUP
LOAD c:/users/canna_000/.p2/pool/plugins/fr.ac6.mcu.externaltools.arm-none.win32_1.13.2.201703061525/tools/compiler/bin/../lib/gcc/arm-none-eabi/5.4.1/armv6-m\libgcc.a
LOAD c:/users/canna_000/.p2/pool/plugins/fr.ac6.mcu.externaltools.arm-none.win32_1.13.2.201703061525/tools/compiler/bin/../lib/gcc/arm-none-eabi/5.4.1/../../../../arm-none-eabi/lib/armv6-m\libc_nano.a
LOAD c:/users/canna_000/.p2/pool/plugins/fr.ac6.mcu.externaltools.arm-none.win32_1.13.2.201703061525/tools/compiler/bin/../lib/gcc/arm-none-eabi/5.4.1/../../../../arm-none-eabi/lib/armv6-m\libnosys.a
END GROUP
LOAD c:/users/canna_000/.p2/pool/plugins/fr.ac6.mcu.externaltools.arm-none.win32_1.13.2.201703061525/tools/compiler/bin/../lib/gcc/arm-none-eabi/5.4.1/armv6-m/crtend.o
LOAD c:/users/canna_000/.p2/pool/plugins/fr.ac6.mcu.externaltools.arm-none.win32_1.13.2.201703061525/tools/compiler/bin/../lib/gcc/arm-none-eabi/5.4.1/armv6-m/crtn.o
                0x20001800                _estack = 0x20001800
                0x00000200                _Min_Heap_Size = 0x200
                0x00000200                _Min_Stack_Size = 0x200

.isr_vector     0x08000000       0xc0
                0x08000000                . = ALIGN (0x4)
 *(.isr_vector)
 .isr_vector    0x08000000       0xc0 startup/startup_stm32f042x6.o
                0x08000000                g_pfnVectors
                0x080000c0                . = ALIGN (0x4)

.text           0x080000c0     0x5e68
                0x080000c0                . = ALIGN (0x4)
 *(.text)
 .text          0x080000c0       0x60 c:/users/canna_000/.p2/pool/plugins/fr.ac6.mcu.externaltools.arm-none.win32_1.13.2.201703061525/tools/compiler/bin/../lib/gcc/arm-none-eabi/5.4.1/armv6-m/crtbegin.o
 .text          0x08000120      0x114 c:/users/canna_000/.p2/pool/plugins/fr.ac6.mcu.externaltools.arm-none.win32_1.13.2.201703061525/tools/compiler/bin/../lib/gcc/arm-none-eabi/5.4.1/armv6-m\libgcc.a(_udivsi3.o)
                0x08000120                __aeabi_uidiv
                0x08000120                __udivsi3
                0x0800022c                __aeabi_uidivmod
 .text          0x08000234      0x1d4 c:/users/canna_000/.p2/pool/plugins/fr.ac6.mcu.externaltools.arm-none.win32_1.13.2.201703061525/tools/compiler/bin/../lib/gcc/arm-none-eabi/5.4.1/armv6-m\libgcc.a(_divsi3.o)
                0x08000234                __divsi3
                0x08000234                __aeabi_idiv
                0x08000400                __aeabi_idivmod
 .text          0x08000408        0x4 c:/users/canna_000/.p2/pool/plugins/fr.ac6.mcu.externaltools.arm-none.win32_1.13.2.201703061525/tools/compiler/bin/../lib/gcc/arm-none-eabi/5.4.1/armv6-m\libgcc.a(_dvmd_tls.o)
                0x08000408                __aeabi_idiv0
                0x08000408                __aeabi_ldiv0
 *(.text*)
 .text.HAL_InitTick
                0x0800040c       0x24 Drivers/STM32F0xx_HAL_Driver/Src/stm32f0xx_hal.o
                0x0800040c                HAL_InitTick
 .text.HAL_Init
                0x08000430       0x20 Drivers/STM32F0xx_HAL_Driver/Src/stm32f0xx_hal.o
                0x08000430                HAL_Init
 .text.HAL_IncTick
                0x08000450       0x10 Drivers/STM32F0xx_HAL_Driver/Src/stm32f0xx_hal.o
                0x08000450                HAL_IncTick
 .text.HAL_GetTick
                0x08000460        0xc Drivers/STM32F0xx_HAL_Driver/Src/stm32f0xx_hal.o
                0x08000460                HAL_GetTick
 .text.HAL_Delay
                0x0800046c       0x24 Drivers/STM32F0xx_HAL_Driver/Src/stm32f0xx_hal.o
                0x0800046c                HAL_Delay
 .text.HAL_ADC_Init
                0x08000490      0x14c Drivers/STM32F0xx_HAL_Driver/Src/stm32f0xx_hal_adc.o
                0x08000490                HAL_ADC_Init
 .text.HAL_ADC_ConfigChannel
                0x080005dc      0x114 Drivers/STM32F0xx_HAL_Driver/Src/stm32f0xx_hal_adc.o
                0x080005dc                HAL_ADC_ConfigChannel
 .text.HAL_NVIC_SetPriority
                0x080006f0       0x68 Drivers/STM32F0xx_HAL_Driver/Src/stm32f0xx_hal_cortex.o
                0x080006f0                HAL_NVIC_SetPriority
 .text.HAL_NVIC_EnableIRQ
                0x08000758       0x14 Drivers/STM32F0xx_HAL_Driver/Src/stm32f0xx_hal_cortex.o
                0x08000758                HAL_NVIC_EnableIRQ
 .text.HAL_SYSTICK_Config
                0x0800076c       0x38 Drivers/STM32F0xx_HAL_Driver/Src/stm32f0xx_hal_cortex.o
                0x0800076c                HAL_SYSTICK_Config
 .text.HAL_SYSTICK_CLKSourceConfig
                0x080007a4       0x20 Drivers/STM32F0xx_HAL_Driver/Src/stm32f0xx_hal_cortex.o
                0x080007a4                HAL_SYSTICK_CLKSourceConfig
 .text.HAL_SYSTICK_Callback
                0x080007c4        0x4 Drivers/STM32F0xx_HAL_Driver/Src/stm32f0xx_hal_cortex.o
                0x080007c4                HAL_SYSTICK_Callback
 .text.HAL_SYSTICK_IRQHandler
                0x080007c8        0x8 Drivers/STM32F0xx_HAL_Driver/Src/stm32f0xx_hal_cortex.o
                0x080007c8                HAL_SYSTICK_IRQHandler
 .text.HAL_GPIO_Init
                0x080007d0      0x1b4 Drivers/STM32F0xx_HAL_Driver/Src/stm32f0xx_hal_gpio.o
                0x080007d0                HAL_GPIO_Init
 .text.HAL_GPIO_WritePin
                0x08000984        0xc Drivers/STM32F0xx_HAL_Driver/Src/stm32f0xx_hal_gpio.o
                0x08000984                HAL_GPIO_WritePin
 .text.I2C_WaitOnTXISFlagUntilTimeout
                0x08000990       0xd0 Drivers/STM32F0xx_HAL_Driver/Src/stm32f0xx_hal_i2c.o
 .text.I2C_WaitOnSTOPFlagUntilTimeout
                0x08000a60       0xcc Drivers/STM32F0xx_HAL_Driver/Src/stm32f0xx_hal_i2c.o
 .text.I2C_RequestMemoryRead
                0x08000b2c       0xa4 Drivers/STM32F0xx_HAL_Driver/Src/stm32f0xx_hal_i2c.o
 .text.I2C_RequestMemoryWrite
                0x08000bd0       0xa8 Drivers/STM32F0xx_HAL_Driver/Src/stm32f0xx_hal_i2c.o
 .text.HAL_I2C_Init
                0x08000c78       0xb4 Drivers/STM32F0xx_HAL_Driver/Src/stm32f0xx_hal_i2c.o
                0x08000c78                HAL_I2C_Init
 .text.HAL_I2C_Mem_Write
                0x08000d2c      0x1f4 Drivers/STM32F0xx_HAL_Driver/Src/stm32f0xx_hal_i2c.o
                0x08000d2c                HAL_I2C_Mem_Write
 .text.HAL_I2C_Mem_Read
                0x08000f20      0x21c Drivers/STM32F0xx_HAL_Driver/Src/stm32f0xx_hal_i2c.o
                0x08000f20                HAL_I2C_Mem_Read
 .text.HAL_I2CEx_ConfigAnalogFilter
                0x0800113c       0x5c Drivers/STM32F0xx_HAL_Driver/Src/stm32f0xx_hal_i2c_ex.o
                0x0800113c                HAL_I2CEx_ConfigAnalogFilter
 .text.HAL_I2CEx_ConfigDigitalFilter
                0x08001198       0x58 Drivers/STM32F0xx_HAL_Driver/Src/stm32f0xx_hal_i2c_ex.o
                0x08001198                HAL_I2CEx_ConfigDigitalFilter
 .text.HAL_PCD_Init
                0x080011f0      0x258 Drivers/STM32F0xx_HAL_Driver/Src/stm32f0xx_hal_pcd.o
                0x080011f0                HAL_PCD_Init
 .text.HAL_PCD_Start
                0x08001448       0x14 Drivers/STM32F0xx_HAL_Driver/Src/stm32f0xx_hal_pcd.o
                0x08001448                HAL_PCD_Start
 .text.HAL_PCD_SetAddress
                0x0800145c       0x34 Drivers/STM32F0xx_HAL_Driver/Src/stm32f0xx_hal_pcd.o
                0x0800145c                HAL_PCD_SetAddress
 .text.HAL_PCD_EP_Open
                0x08001490      0x2fc Drivers/STM32F0xx_HAL_Driver/Src/stm32f0xx_hal_pcd.o
                0x08001490                HAL_PCD_EP_Open
 .text.HAL_PCD_EP_Close
                0x0800178c      0x184 Drivers/STM32F0xx_HAL_Driver/Src/stm32f0xx_hal_pcd.o
                0x0800178c                HAL_PCD_EP_Close
 .text.HAL_PCD_EP_Receive
                0x08001910      0x234 Drivers/STM32F0xx_HAL_Driver/Src/stm32f0xx_hal_pcd.o
                0x08001910                HAL_PCD_EP_Receive
 .text.HAL_PCD_EP_GetRxCount
                0x08001b44       0x14 Drivers/STM32F0xx_HAL_Driver/Src/stm32f0xx_hal_pcd.o
                0x08001b44                HAL_PCD_EP_GetRxCount
 .text.HAL_PCD_EP_Transmit
                0x08001b58      0x348 Drivers/STM32F0xx_HAL_Driver/Src/stm32f0xx_hal_pcd.o
                0x08001b58                HAL_PCD_EP_Transmit
 .text.HAL_PCD_IRQHandler
                0x08001ea0      0x8bc Drivers/STM32F0xx_HAL_Driver/Src/stm32f0xx_hal_pcd.o
                0x08001ea0                HAL_PCD_IRQHandler
 .text.HAL_PCD_EP_SetStall
                0x0800275c       0xc4 Drivers/STM32F0xx_HAL_Driver/Src/stm32f0xx_hal_pcd.o
                0x0800275c                HAL_PCD_EP_SetStall
 .text.HAL_PCD_EP_ClrStall
                0x08002820       0xcc Drivers/STM32F0xx_HAL_Driver/Src/stm32f0xx_hal_pcd.o
                0x08002820                HAL_PCD_EP_ClrStall
 .text.HAL_PCDEx_PMAConfig
                0x080028ec       0x3c Drivers/STM32F0xx_HAL_Driver/Src/stm32f0xx_hal_pcd_ex.o
                0x080028ec                HAL_PCDEx_PMAConfig
 .text.HAL_PWR_EnableBkUpAccess
                0x08002928       0x14 Drivers/STM32F0xx_HAL_Driver/Src/stm32f0xx_hal_pwr.o
                0x08002928                HAL_PWR_EnableBkUpAccess
 .text.HAL_RCC_OscConfig
                0x0800293c      0x528 Drivers/STM32F0xx_HAL_Driver/Src/stm32f0xx_hal_rcc.o
                0x0800293c                HAL_RCC_OscConfig
 .text.HAL_RCC_GetSysClockFreq
                0x08002e64       0x98 Drivers/STM32F0xx_HAL_Driver/Src/stm32f0xx_hal_rcc.o
                0x08002e64                HAL_RCC_GetSysClockFreq
 .text.HAL_RCC_ClockConfig
                0x08002efc      0x17c Drivers/STM32F0xx_HAL_Driver/Src/stm32f0xx_hal_rcc.o
                0x08002efc                HAL_RCC_ClockConfig
 .text.HAL_RCC_GetHCLKFreq
                0x08003078        0xc Drivers/STM32F0xx_HAL_Driver/Src/stm32f0xx_hal_rcc.o
                0x08003078                HAL_RCC_GetHCLKFreq
 .text.HAL_RCCEx_PeriphCLKConfig
                0x08003084      0x148 Drivers/STM32F0xx_HAL_Driver/Src/stm32f0xx_hal_rcc_ex.o
                0x08003084                HAL_RCCEx_PeriphCLKConfig
 .text.HAL_RTC_Init
                0x080031cc       0xe8 Drivers/STM32F0xx_HAL_Driver/Src/stm32f0xx_hal_rtc.o
                0x080031cc                HAL_RTC_Init
 .text.HAL_RTC_SetTime
                0x080032b4      0x190 Drivers/STM32F0xx_HAL_Driver/Src/stm32f0xx_hal_rtc.o
                0x080032b4                HAL_RTC_SetTime
 .text.HAL_RTC_GetTime
                0x08003444       0x7c Drivers/STM32F0xx_HAL_Driver/Src/stm32f0xx_hal_rtc.o
                0x08003444                HAL_RTC_GetTime
 .text.HAL_RTC_SetDate
                0x080034c0      0x15c Drivers/STM32F0xx_HAL_Driver/Src/stm32f0xx_hal_rtc.o
                0x080034c0                HAL_RTC_SetDate
 .text.HAL_RTC_GetDate
                0x0800361c       0x5c Drivers/STM32F0xx_HAL_Driver/Src/stm32f0xx_hal_rtc.o
                0x0800361c                HAL_RTC_GetDate
 .text.HAL_TIM_Base_Init
                0x08003678       0xf0 Drivers/STM32F0xx_HAL_Driver/Src/stm32f0xx_hal_tim.o
                0x08003678                HAL_TIM_Base_Init
 .text.HAL_TIM_Base_Start_IT
                0x08003768       0x14 Drivers/STM32F0xx_HAL_Driver/Src/stm32f0xx_hal_tim.o
                0x08003768                HAL_TIM_Base_Start_IT
 .text.HAL_TIM_PWM_MspInit
                0x0800377c        0x4 Drivers/STM32F0xx_HAL_Driver/Src/stm32f0xx_hal_tim.o
                0x0800377c                HAL_TIM_PWM_MspInit
 .text.HAL_TIM_PWM_Init
                0x08003780       0xf0 Drivers/STM32F0xx_HAL_Driver/Src/stm32f0xx_hal_tim.o
                0x08003780                HAL_TIM_PWM_Init
 .text.HAL_TIM_PWM_Start
                0x08003870       0x48 Drivers/STM32F0xx_HAL_Driver/Src/stm32f0xx_hal_tim.o
                0x08003870                HAL_TIM_PWM_Start
 .text.HAL_TIM_PWM_Start_IT
                0x080038b8       0x7c Drivers/STM32F0xx_HAL_Driver/Src/stm32f0xx_hal_tim.o
                0x080038b8                HAL_TIM_PWM_Start_IT
 .text.HAL_TIM_PWM_ConfigChannel
                0x08003934      0x24c Drivers/STM32F0xx_HAL_Driver/Src/stm32f0xx_hal_tim.o
                0x08003934                HAL_TIM_PWM_ConfigChannel
 .text.HAL_TIM_ConfigClockSource
                0x08003b80      0x18c Drivers/STM32F0xx_HAL_Driver/Src/stm32f0xx_hal_tim.o
                0x08003b80                HAL_TIM_ConfigClockSource
 .text.HAL_TIM_OC_DelayElapsedCallback
                0x08003d0c        0x4 Drivers/STM32F0xx_HAL_Driver/Src/stm32f0xx_hal_tim.o
                0x08003d0c                HAL_TIM_OC_DelayElapsedCallback
 .text.HAL_TIM_IC_CaptureCallback
                0x08003d10        0x4 Drivers/STM32F0xx_HAL_Driver/Src/stm32f0xx_hal_tim.o
                0x08003d10                HAL_TIM_IC_CaptureCallback
 .text.HAL_TIM_TriggerCallback
                0x08003d14        0x4 Drivers/STM32F0xx_HAL_Driver/Src/stm32f0xx_hal_tim.o
                0x08003d14                HAL_TIM_TriggerCallback
 .text.HAL_TIM_IRQHandler
                0x08003d18      0x158 Drivers/STM32F0xx_HAL_Driver/Src/stm32f0xx_hal_tim.o
                0x08003d18                HAL_TIM_IRQHandler
 .text.HAL_TIMEx_MasterConfigSynchronization
                0x08003e70       0x40 Drivers/STM32F0xx_HAL_Driver/Src/stm32f0xx_hal_tim_ex.o
                0x08003e70                HAL_TIMEx_MasterConfigSynchronization
 .text.HAL_TIMEx_ConfigBreakDeadTime
                0x08003eb0       0x78 Drivers/STM32F0xx_HAL_Driver/Src/stm32f0xx_hal_tim_ex.o
                0x08003eb0                HAL_TIMEx_ConfigBreakDeadTime
 .text.HAL_TIMEx_CommutationCallback
                0x08003f28        0x4 Drivers/STM32F0xx_HAL_Driver/Src/stm32f0xx_hal_tim_ex.o
                0x08003f28                HAL_TIMEx_CommutationCallback
 .text.HAL_TIMEx_BreakCallback
                0x08003f2c        0x4 Drivers/STM32F0xx_HAL_Driver/Src/stm32f0xx_hal_tim_ex.o
                0x08003f2c                HAL_TIMEx_BreakCallback
 .text.HAL_TSC_Init
                0x08003f30      0x150 Drivers/STM32F0xx_HAL_Driver/Src/stm32f0xx_hal_tsc.o
                0x08003f30                HAL_TSC_Init
 .text.USBD_CDC_DataIn
                0x08004080       0x1c Middlewares/ST/STM32_USB_Device_Library/Class/CDC/Src/usbd_cdc.o
 .text.USBD_CDC_EP0_RxReady
                0x0800409c       0x30 Middlewares/ST/STM32_USB_Device_Library/Class/CDC/Src/usbd_cdc.o
 .text.USBD_CDC_GetFSCfgDesc
                0x080040cc        0xc Middlewares/ST/STM32_USB_Device_Library/Class/CDC/Src/usbd_cdc.o
 .text.USBD_CDC_GetHSCfgDesc
                0x080040d8       0x10 Middlewares/ST/STM32_USB_Device_Library/Class/CDC/Src/usbd_cdc.o
 .text.USBD_CDC_GetOtherSpeedCfgDesc
                0x080040e8       0x10 Middlewares/ST/STM32_USB_Device_Library/Class/CDC/Src/usbd_cdc.o
 .text.USBD_CDC_GetDeviceQualifierDescriptor
                0x080040f8       0x10 Middlewares/ST/STM32_USB_Device_Library/Class/CDC/Src/usbd_cdc.o
                0x080040f8                USBD_CDC_GetDeviceQualifierDescriptor
 .text.USBD_CDC_DataOut
                0x08004108       0x34 Middlewares/ST/STM32_USB_Device_Library/Class/CDC/Src/usbd_cdc.o
 .text.USBD_CDC_Setup
                0x0800413c       0x80 Middlewares/ST/STM32_USB_Device_Library/Class/CDC/Src/usbd_cdc.o
 .text.USBD_CDC_DeInit
                0x080041bc       0x3c Middlewares/ST/STM32_USB_Device_Library/Class/CDC/Src/usbd_cdc.o
 .text.USBD_CDC_Init
                0x080041f8       0xa0 Middlewares/ST/STM32_USB_Device_Library/Class/CDC/Src/usbd_cdc.o
 .text.USBD_CDC_RegisterInterface
                0x08004298       0x14 Middlewares/ST/STM32_USB_Device_Library/Class/CDC/Src/usbd_cdc.o
                0x08004298                USBD_CDC_RegisterInterface
 .text.USBD_CDC_SetTxBuffer
                0x080042ac       0x18 Middlewares/ST/STM32_USB_Device_Library/Class/CDC/Src/usbd_cdc.o
                0x080042ac                USBD_CDC_SetTxBuffer
 .text.USBD_CDC_SetRxBuffer
                0x080042c4       0x10 Middlewares/ST/STM32_USB_Device_Library/Class/CDC/Src/usbd_cdc.o
                0x080042c4                USBD_CDC_SetRxBuffer
 .text.USBD_CDC_ReceivePacket
                0x080042d4       0x3c Middlewares/ST/STM32_USB_Device_Library/Class/CDC/Src/usbd_cdc.o
                0x080042d4                USBD_CDC_ReceivePacket
 .text.USBD_Init
                0x08004310       0x34 Middlewares/ST/STM32_USB_Device_Library/Core/Src/usbd_core.o
                0x08004310                USBD_Init
 .text.USBD_RegisterClass
                0x08004344       0x14 Middlewares/ST/STM32_USB_Device_Library/Core/Src/usbd_core.o
                0x08004344                USBD_RegisterClass
 .text.USBD_Start
                0x08004358        0xc Middlewares/ST/STM32_USB_Device_Library/Core/Src/usbd_core.o
                0x08004358                USBD_Start
 .text.USBD_SetClassConfig
                0x08004364       0x18 Middlewares/ST/STM32_USB_Device_Library/Core/Src/usbd_core.o
                0x08004364                USBD_SetClassConfig
 .text.USBD_ClrClassConfig
                0x0800437c       0x10 Middlewares/ST/STM32_USB_Device_Library/Core/Src/usbd_core.o
                0x0800437c                USBD_ClrClassConfig
 .text.USBD_LL_SetupStage
                0x0800438c       0x68 Middlewares/ST/STM32_USB_Device_Library/Core/Src/usbd_core.o
                0x0800438c                USBD_LL_SetupStage
 .text.USBD_LL_DataOutStage
                0x080043f4       0x78 Middlewares/ST/STM32_USB_Device_Library/Core/Src/usbd_core.o
                0x080043f4                USBD_LL_DataOutStage
 .text.USBD_LL_DataInStage
                0x0800446c       0xb4 Middlewares/ST/STM32_USB_Device_Library/Core/Src/usbd_core.o
                0x0800446c                USBD_LL_DataInStage
 .text.USBD_LL_Reset
                0x08004520       0x48 Middlewares/ST/STM32_USB_Device_Library/Core/Src/usbd_core.o
                0x08004520                USBD_LL_Reset
 .text.USBD_LL_SetSpeed
                0x08004568        0x8 Middlewares/ST/STM32_USB_Device_Library/Core/Src/usbd_core.o
                0x08004568                USBD_LL_SetSpeed
 .text.USBD_LL_Suspend
                0x08004570       0x18 Middlewares/ST/STM32_USB_Device_Library/Core/Src/usbd_core.o
                0x08004570                USBD_LL_Suspend
 .text.USBD_LL_Resume
                0x08004588       0x10 Middlewares/ST/STM32_USB_Device_Library/Core/Src/usbd_core.o
                0x08004588                USBD_LL_Resume
 .text.USBD_LL_SOF
                0x08004598       0x20 Middlewares/ST/STM32_USB_Device_Library/Core/Src/usbd_core.o
                0x08004598                USBD_LL_SOF
 .text.USBD_StdDevReq
                0x080045b8      0x2c4 Middlewares/ST/STM32_USB_Device_Library/Core/Src/usbd_ctlreq.o
                0x080045b8                USBD_StdDevReq
 .text.USBD_StdItfReq
                0x0800487c       0x44 Middlewares/ST/STM32_USB_Device_Library/Core/Src/usbd_ctlreq.o
                0x0800487c                USBD_StdItfReq
 .text.USBD_StdEPReq
                0x080048c0       0xe8 Middlewares/ST/STM32_USB_Device_Library/Core/Src/usbd_ctlreq.o
                0x080048c0                USBD_StdEPReq
 .text.USBD_ParseSetupRequest
                0x080049a8       0x28 Middlewares/ST/STM32_USB_Device_Library/Core/Src/usbd_ctlreq.o
                0x080049a8                USBD_ParseSetupRequest
 .text.USBD_GetString
                0x080049d0       0x50 Middlewares/ST/STM32_USB_Device_Library/Core/Src/usbd_ctlreq.o
                0x080049d0                USBD_GetString
 .text.USBD_CtlSendData
                0x08004a20       0x1c Middlewares/ST/STM32_USB_Device_Library/Core/Src/usbd_ioreq.o
                0x08004a20                USBD_CtlSendData
 .text.USBD_CtlContinueSendData
                0x08004a3c       0x10 Middlewares/ST/STM32_USB_Device_Library/Core/Src/usbd_ioreq.o
                0x08004a3c                USBD_CtlContinueSendData
 .text.USBD_CtlPrepareRx
                0x08004a4c       0x20 Middlewares/ST/STM32_USB_Device_Library/Core/Src/usbd_ioreq.o
                0x08004a4c                USBD_CtlPrepareRx
 .text.USBD_CtlContinueRx
                0x08004a6c       0x10 Middlewares/ST/STM32_USB_Device_Library/Core/Src/usbd_ioreq.o
                0x08004a6c                USBD_CtlContinueRx
 .text.USBD_CtlSendStatus
                0x08004a7c       0x18 Middlewares/ST/STM32_USB_Device_Library/Core/Src/usbd_ioreq.o
                0x08004a7c                USBD_CtlSendStatus
 .text.USBD_CtlReceiveStatus
                0x08004a94       0x18 Middlewares/ST/STM32_USB_Device_Library/Core/Src/usbd_ioreq.o
                0x08004a94                USBD_CtlReceiveStatus
 .text.HAL_TIM_PeriodElapsedCallback
                0x08004aac      0x3e0 Src/main.o
                0x08004aac                HAL_TIM_PeriodElapsedCallback
 .text.HAL_TIM_PWM_PulseFinishedCallback
                0x08004e8c       0xbc Src/main.o
                0x08004e8c                HAL_TIM_PWM_PulseFinishedCallback
 .text.NixieTimInit
                0x08004f48      0x210 Src/main.o
                0x08004f48                NixieTimInit
 .text.SystemClock_Config
                0x08005158       0xa0 Src/main.o
                0x08005158                SystemClock_Config
 .text.startup.main
                0x080051f8      0x4e0 Src/main.o
                0x080051f8                main
 .text._Error_Handler
                0x080056d8        0x4 Src/main.o
                0x080056d8                _Error_Handler
 .text.HAL_MspInit
                0x080056dc       0x54 Src/stm32f0xx_hal_msp.o
                0x080056dc                HAL_MspInit
 .text.HAL_ADC_MspInit
                0x08005730       0x2c Src/stm32f0xx_hal_msp.o
                0x08005730                HAL_ADC_MspInit
 .text.HAL_I2C_MspInit
                0x0800575c       0x50 Src/stm32f0xx_hal_msp.o
                0x0800575c                HAL_I2C_MspInit
 .text.HAL_RTC_MspInit
                0x080057ac       0x20 Src/stm32f0xx_hal_msp.o
                0x080057ac                HAL_RTC_MspInit
 .text.HAL_TIM_Base_MspInit
                0x080057cc       0x6c Src/stm32f0xx_hal_msp.o
                0x080057cc                HAL_TIM_Base_MspInit
 .text.HAL_TIM_MspPostInit
                0x08005838       0x34 Src/stm32f0xx_hal_msp.o
                0x08005838                HAL_TIM_MspPostInit
 .text.HAL_TSC_MspInit
                0x0800586c       0x8c Src/stm32f0xx_hal_msp.o
                0x0800586c                HAL_TSC_MspInit
 .text.NMI_Handler
                0x080058f8        0x4 Src/stm32f0xx_it.o
                0x080058f8                NMI_Handler
 .text.HardFault_Handler
                0x080058fc        0x4 Src/stm32f0xx_it.o
                0x080058fc                HardFault_Handler
 .text.SVC_Handler
                0x08005900        0x4 Src/stm32f0xx_it.o
                0x08005900                SVC_Handler
 .text.PendSV_Handler
                0x08005904        0x4 Src/stm32f0xx_it.o
                0x08005904                PendSV_Handler
 .text.SysTick_Handler
                0x08005908        0xc Src/stm32f0xx_it.o
                0x08005908                SysTick_Handler
 .text.TIM1_BRK_UP_TRG_COM_IRQHandler
                0x08005914       0x10 Src/stm32f0xx_it.o
                0x08005914                TIM1_BRK_UP_TRG_COM_IRQHandler
 .text.TIM1_CC_IRQHandler
                0x08005924       0x10 Src/stm32f0xx_it.o
                0x08005924                TIM1_CC_IRQHandler
 .text.USB_IRQHandler
                0x08005934       0x10 Src/stm32f0xx_it.o
                0x08005934                USB_IRQHandler
 .text.SystemInit
                0x08005944       0x60 Src/system_stm32f0xx.o
                0x08005944                SystemInit
 .text.MX_USB_DEVICE_Init
                0x080059a4       0x38 Src/usb_device.o
                0x080059a4                MX_USB_DEVICE_Init
 .text.CDC_DeInit_FS
                0x080059dc        0x4 Src/usbd_cdc_if.o
 .text.CDC_Control_FS
                0x080059e0        0x4 Src/usbd_cdc_if.o
 .text.CDC_Init_FS
                0x080059e4       0x28 Src/usbd_cdc_if.o
 .text.CDC_Receive_FS
                0x08005a0c       0xac Src/usbd_cdc_if.o
 .text.HAL_PCD_MspInit
                0x08005ab8       0x40 Src/usbd_conf.o
                0x08005ab8                HAL_PCD_MspInit
 .text.HAL_PCD_SetupStageCallback
                0x08005af8       0x14 Src/usbd_conf.o
                0x08005af8                HAL_PCD_SetupStageCallback
 .text.HAL_PCD_DataOutStageCallback
                0x08005b0c       0x1c Src/usbd_conf.o
                0x08005b0c                HAL_PCD_DataOutStageCallback
 .text.HAL_PCD_DataInStageCallback
                0x08005b28       0x18 Src/usbd_conf.o
                0x08005b28                HAL_PCD_DataInStageCallback
 .text.HAL_PCD_SOFCallback
                0x08005b40       0x10 Src/usbd_conf.o
                0x08005b40                HAL_PCD_SOFCallback
 .text.HAL_PCD_ResetCallback
                0x08005b50       0x18 Src/usbd_conf.o
                0x08005b50                HAL_PCD_ResetCallback
 .text.HAL_PCD_SuspendCallback
                0x08005b68       0x24 Src/usbd_conf.o
                0x08005b68                HAL_PCD_SuspendCallback
 .text.HAL_PCD_ResumeCallback
                0x08005b8c       0x28 Src/usbd_conf.o
                0x08005b8c                HAL_PCD_ResumeCallback
 .text.USBD_LL_Init
                0x08005bb4       0x90 Src/usbd_conf.o
                0x08005bb4                USBD_LL_Init
 .text.USBD_LL_Start
                0x08005c44       0x20 Src/usbd_conf.o
                0x08005c44                USBD_LL_Start
 .text.USBD_LL_OpenEP
                0x08005c64       0x24 Src/usbd_conf.o
                0x08005c64                USBD_LL_OpenEP
 .text.USBD_LL_CloseEP
                0x08005c88       0x20 Src/usbd_conf.o
                0x08005c88                USBD_LL_CloseEP
 .text.USBD_LL_StallEP
                0x08005ca8       0x20 Src/usbd_conf.o
                0x08005ca8                USBD_LL_StallEP
 .text.USBD_LL_ClearStallEP
                0x08005cc8       0x20 Src/usbd_conf.o
                0x08005cc8                USBD_LL_ClearStallEP
 .text.USBD_LL_IsStallEP
                0x08005ce8       0x30 Src/usbd_conf.o
                0x08005ce8                USBD_LL_IsStallEP
 .text.USBD_LL_SetUSBAddress
                0x08005d18       0x20 Src/usbd_conf.o
                0x08005d18                USBD_LL_SetUSBAddress
 .text.USBD_LL_Transmit
                0x08005d38       0x20 Src/usbd_conf.o
                0x08005d38                USBD_LL_Transmit
 .text.USBD_LL_PrepareReceive
                0x08005d58       0x20 Src/usbd_conf.o
                0x08005d58                USBD_LL_PrepareReceive
 .text.USBD_LL_GetRxDataSize
                0x08005d78       0x10 Src/usbd_conf.o
                0x08005d78                USBD_LL_GetRxDataSize
 .text.USBD_static_malloc
                0x08005d88        0x8 Src/usbd_conf.o
                0x08005d88                USBD_static_malloc
 .text.USBD_static_free
                0x08005d90        0x4 Src/usbd_conf.o
                0x08005d90                USBD_static_free
 .text.USBD_FS_DeviceDescriptor
                0x08005d94        0xc Src/usbd_desc.o
                0x08005d94                USBD_FS_DeviceDescriptor
 .text.USBD_FS_LangIDStrDescriptor
                0x08005da0       0x10 Src/usbd_desc.o
                0x08005da0                USBD_FS_LangIDStrDescriptor
 .text.USBD_FS_ManufacturerStrDescriptor
                0x08005db0       0x1c Src/usbd_desc.o
                0x08005db0                USBD_FS_ManufacturerStrDescriptor
 .text.USBD_FS_ProductStrDescriptor
                0x08005dcc       0x1c Src/usbd_desc.o
                0x08005dcc                USBD_FS_ProductStrDescriptor
 .text.USBD_FS_SerialStrDescriptor
                0x08005de8       0x1c Src/usbd_desc.o
                0x08005de8                USBD_FS_SerialStrDescriptor
 .text.USBD_FS_ConfigStrDescriptor
                0x08005e04       0x1c Src/usbd_desc.o
                0x08005e04                USBD_FS_ConfigStrDescriptor
 .text.USBD_FS_InterfaceStrDescriptor
                0x08005e20       0x1c Src/usbd_desc.o
                0x08005e20                USBD_FS_InterfaceStrDescriptor
 .text.Reset_Handler
                0x08005e3c       0x70 startup/startup_stm32f042x6.o
                0x08005e3c                Reset_Handler
 .text.Default_Handler
                0x08005eac        0x2 startup/startup_stm32f042x6.o
                0x08005eac                TSC_IRQHandler
                0x08005eac                I2C1_IRQHandler
                0x08005eac                RCC_CRS_IRQHandler
                0x08005eac                SPI1_IRQHandler
                0x08005eac                EXTI2_3_IRQHandler
                0x08005eac                ADC1_IRQHandler
                0x08005eac                TIM17_IRQHandler
                0x08005eac                CEC_CAN_IRQHandler
                0x08005eac                RTC_IRQHandler
                0x08005eac                PVD_VDDIO2_IRQHandler
                0x08005eac                TIM16_IRQHandler
                0x08005eac                TIM3_IRQHandler
                0x08005eac                EXTI4_15_IRQHandler
                0x08005eac                DMA1_Channel1_IRQHandler
                0x08005eac                Default_Handler
                0x08005eac                TIM14_IRQHandler
                0x08005eac                DMA1_Channel4_5_IRQHandler
                0x08005eac                EXTI0_1_IRQHandler
                0x08005eac                SPI2_IRQHandler
                0x08005eac                WWDG_IRQHandler
                0x08005eac                TIM2_IRQHandler
                0x08005eac                DMA1_Channel2_3_IRQHandler
                0x08005eac                USART2_IRQHandler
                0x08005eac                FLASH_IRQHandler
                0x08005eac                USART1_IRQHandler
 *fill*         0x08005eae        0x2 
 .text.__libc_init_array
                0x08005eb0       0x4c c:/users/canna_000/.p2/pool/plugins/fr.ac6.mcu.externaltools.arm-none.win32_1.13.2.201703061525/tools/compiler/bin/../lib/gcc/arm-none-eabi/5.4.1/../../../../arm-none-eabi/lib/armv6-m\libc_nano.a(lib_a-init.o)
                0x08005eb0                __libc_init_array
 .text.memcpy   0x08005efc       0x12 c:/users/canna_000/.p2/pool/plugins/fr.ac6.mcu.externaltools.arm-none.win32_1.13.2.201703061525/tools/compiler/bin/../lib/gcc/arm-none-eabi/5.4.1/../../../../arm-none-eabi/lib/armv6-m\libc_nano.a(lib_a-memcpy-stub.o)
                0x08005efc                memcpy
 *(.glue_7)
 .glue_7        0x08005f0e        0x0 linker stubs
 *(.glue_7t)
 .glue_7t       0x08005f0e        0x0 linker stubs
 *(.eh_frame)
 *fill*         0x08005f0e        0x2 
 .eh_frame      0x08005f10        0x0 c:/users/canna_000/.p2/pool/plugins/fr.ac6.mcu.externaltools.arm-none.win32_1.13.2.201703061525/tools/compiler/bin/../lib/gcc/arm-none-eabi/5.4.1/armv6-m/crtbegin.o
 *(.init)
 .init          0x08005f10        0x4 c:/users/canna_000/.p2/pool/plugins/fr.ac6.mcu.externaltools.arm-none.win32_1.13.2.201703061525/tools/compiler/bin/../lib/gcc/arm-none-eabi/5.4.1/armv6-m/crti.o
                0x08005f10                _init
 .init          0x08005f14        0x8 c:/users/canna_000/.p2/pool/plugins/fr.ac6.mcu.externaltools.arm-none.win32_1.13.2.201703061525/tools/compiler/bin/../lib/gcc/arm-none-eabi/5.4.1/armv6-m/crtn.o
 *(.fini)
 .fini          0x08005f1c        0x4 c:/users/canna_000/.p2/pool/plugins/fr.ac6.mcu.externaltools.arm-none.win32_1.13.2.201703061525/tools/compiler/bin/../lib/gcc/arm-none-eabi/5.4.1/armv6-m/crti.o
                0x08005f1c                _fini
 .fini          0x08005f20        0x8 c:/users/canna_000/.p2/pool/plugins/fr.ac6.mcu.externaltools.arm-none.win32_1.13.2.201703061525/tools/compiler/bin/../lib/gcc/arm-none-eabi/5.4.1/armv6-m/crtn.o
                0x08005f28                . = ALIGN (0x4)
                0x08005f28                _etext = .

.vfp11_veneer   0x08005f28        0x0
 .vfp11_veneer  0x08005f28        0x0 linker stubs

.v4_bx          0x08005f28        0x0
 .v4_bx         0x08005f28        0x0 linker stubs

.iplt           0x08005f28        0x0
 .iplt          0x08005f28        0x0 c:/users/canna_000/.p2/pool/plugins/fr.ac6.mcu.externaltools.arm-none.win32_1.13.2.201703061525/tools/compiler/bin/../lib/gcc/arm-none-eabi/5.4.1/armv6-m/crtbegin.o

.rodata         0x08005f28      0x108
                0x08005f28                . = ALIGN (0x4)
 *(.rodata)
 .rodata        0x08005f28       0x20 Drivers/STM32F0xx_HAL_Driver/Src/stm32f0xx_hal_rcc.o
 .rodata        0x08005f48       0x60 Middlewares/ST/STM32_USB_Device_Library/Core/Src/usbd_ctlreq.o
 .rodata        0x08005fa8       0x18 Src/system_stm32f0xx.o
                0x08005fa8                AHBPrescTable
                0x08005fb8                APBPrescTable
 .rodata        0x08005fc0        0x4 Src/usbd_conf.o
 *(.rodata*)
 .rodata.str1.4
                0x08005fc4       0x13 Src/usbd_conf.o
 *fill*         0x08005fd7        0x1 
 .rodata.str1.4
                0x08005fd8       0x58 Src/usbd_desc.o
                                 0x56 (size before relaxing)
                0x08006030                . = ALIGN (0x4)

.rel.dyn        0x08006030        0x0
 .rel.iplt      0x08006030        0x0 c:/users/canna_000/.p2/pool/plugins/fr.ac6.mcu.externaltools.arm-none.win32_1.13.2.201703061525/tools/compiler/bin/../lib/gcc/arm-none-eabi/5.4.1/armv6-m/crtbegin.o

.ARM.extab
 *(.ARM.extab* .gnu.linkonce.armextab.*)

.ARM            0x08006030        0x0
                0x08006030                __exidx_start = .
 *(.ARM.exidx*)
                0x08006030                __exidx_end = .

.preinit_array  0x08006030        0x0
                0x08006030                PROVIDE (__preinit_array_start, .)
 *(.preinit_array*)
                0x08006030                PROVIDE (__preinit_array_end, .)

.init_array     0x08006030        0x4
                0x08006030                PROVIDE (__init_array_start, .)
 *(SORT(.init_array.*))
 *(.init_array*)
 .init_array    0x08006030        0x4 c:/users/canna_000/.p2/pool/plugins/fr.ac6.mcu.externaltools.arm-none.win32_1.13.2.201703061525/tools/compiler/bin/../lib/gcc/arm-none-eabi/5.4.1/armv6-m/crtbegin.o
                0x08006034                PROVIDE (__init_array_end, .)

.fini_array     0x08006034        0x4
                [!provide]                PROVIDE (__fini_array_start, .)
 *(SORT(.fini_array.*))
 *(.fini_array*)
 .fini_array    0x08006034        0x4 c:/users/canna_000/.p2/pool/plugins/fr.ac6.mcu.externaltools.arm-none.win32_1.13.2.201703061525/tools/compiler/bin/../lib/gcc/arm-none-eabi/5.4.1/armv6-m/crtbegin.o
                [!provide]                PROVIDE (__fini_array_end, .)
                0x08006038                _sidata = LOADADDR (.data)

.data           0x20000000      0x15c load address 0x08006038
                0x20000000                . = ALIGN (0x4)
                0x20000000                _sdata = .
 *(.data)
 .data          0x20000000      0x110 Middlewares/ST/STM32_USB_Device_Library/Class/CDC/Src/usbd_cdc.o
                0x20000000                USBD_CDC_CfgFSDesc
                0x20000044                USBD_CDC_CfgHSDesc
                0x20000088                USBD_CDC_OtherSpeedCfgDesc
                0x200000d8                USBD_CDC
 .data          0x20000110        0x1 Src/main.o
 *fill*         0x20000111        0x3 
 .data          0x20000114        0x4 Src/system_stm32f0xx.o
                0x20000114                SystemCoreClock
 .data          0x20000118       0x10 Src/usbd_cdc_if.o
                0x20000118                USBD_Interface_fops_FS
 .data          0x20000128       0x34 Src/usbd_desc.o
                0x20000128                USBD_FS_DeviceDesc
                0x2000013c                USBD_LangIDDesc
                0x20000140                FS_Desc
 *(.data*)
                0x2000015c                . = ALIGN (0x4)
                0x2000015c                _edata = .

.jcr            0x2000015c        0x0 load address 0x08006194
 .jcr           0x2000015c        0x0 c:/users/canna_000/.p2/pool/plugins/fr.ac6.mcu.externaltools.arm-none.win32_1.13.2.201703061525/tools/compiler/bin/../lib/gcc/arm-none-eabi/5.4.1/armv6-m/crtbegin.o

.igot.plt       0x2000015c        0x0 load address 0x08006194
 .igot.plt      0x2000015c        0x0 c:/users/canna_000/.p2/pool/plugins/fr.ac6.mcu.externaltools.arm-none.win32_1.13.2.201703061525/tools/compiler/bin/../lib/gcc/arm-none-eabi/5.4.1/armv6-m/crtbegin.o
                0x2000015c                . = ALIGN (0x4)

.bss            0x2000015c     0x120c load address 0x08006194
                0x2000015c                _sbss = .
                0x2000015c                __bss_start__ = _sbss
 *(.bss)
 .bss           0x2000015c       0x1c c:/users/canna_000/.p2/pool/plugins/fr.ac6.mcu.externaltools.arm-none.win32_1.13.2.201703061525/tools/compiler/bin/../lib/gcc/arm-none-eabi/5.4.1/armv6-m/crtbegin.o
 .bss           0x20000178        0x1 Middlewares/ST/STM32_USB_Device_Library/Class/CDC/Src/usbd_cdc.o
 .bss           0x20000179        0x1 Middlewares/ST/STM32_USB_Device_Library/Core/Src/usbd_ctlreq.o
 *fill*         0x2000017a        0x2 
 .bss           0x2000017c      0x220 Src/usbd_conf.o
 *(.bss*)
 *(COMMON)
 COMMON         0x2000039c        0x4 Drivers/STM32F0xx_HAL_Driver/Src/stm32f0xx_hal.o
                0x2000039c                uwTick
 COMMON         0x200003a0      0x1b2 Src/main.o
                0x200003a0                NIXIE_Digit4
                0x200003a1                TimeFormat
                0x200003a2                NIXIE_Digit2
                0x200003a4                RTC_Date
                0x200003a8                USB_TimeFormat
                0x200003ac                hi2c1
                0x200003f8                RTC_Time
                0x2000040c                HV_Enable
                0x2000040d                USB_Hours
                0x2000040e                USB_Update_Brightness
                0x20000410                hrtc
                0x20000430                TIM_Prescaler
                0x20000432                NIXIE_Digit3
                0x20000434                htim1
                0x20000474                USB_Update_RefFreq
                0x20000475                NIXIE_Digit1
                0x20000476                USB_Brightness
                0x20000478                TIM_Compare
                0x2000047c                htim2
                0x200004bc                USB_Update_TimeFormat
                0x200004c0                hadc
                0x2000050c                USB_Seconds
                0x2000050d                USB_Update_Time
                0x2000050e                USB_Minutes
                0x20000510                htsc
                0x20000550                USB_RefreshFreq
 *fill*         0x20000552        0x2 
 COMMON         0x20000554      0x224 Src/usb_device.o
                0x20000554                hUsbDeviceFS
 COMMON         0x20000778      0x7d0 Src/usbd_cdc_if.o
                0x20000778                UserRxBufferFS
                0x20000b60                UserTxBufferFS
 COMMON         0x20000f48      0x220 Src/usbd_conf.o
                0x20000f48                hpcd_USB_FS
 COMMON         0x20001168      0x200 Src/usbd_desc.o
                0x20001168                USBD_StrDesc
                0x20001368                . = ALIGN (0x4)
                0x20001368                _ebss = .
                0x20001368                __bss_end__ = _ebss

._user_heap_stack
                0x20001368      0x400 load address 0x08006194
                0x20001368                . = ALIGN (0x8)
                [!provide]                PROVIDE (end, .)
                [!provide]                PROVIDE (_end, .)
                0x20001568                . = (. + _Min_Heap_Size)
 *fill*         0x20001368      0x200 
                0x20001768                . = (. + _Min_Stack_Size)
 *fill*         0x20001568      0x200 
                0x20001768                . = ALIGN (0x8)

/DISCARD/
 libc.a(*)
 libm.a(*)
 libgcc.a(*)

.ARM.attributes
                0x00000000       0x28
 *(.ARM.attributes)
 .ARM.attributes
                0x00000000       0x1e c:/users/canna_000/.p2/pool/plugins/fr.ac6.mcu.externaltools.arm-none.win32_1.13.2.201703061525/tools/compiler/bin/../lib/gcc/arm-none-eabi/5.4.1/armv6-m/crti.o
 .ARM.attributes
                0x0000001e       0x2c c:/users/canna_000/.p2/pool/plugins/fr.ac6.mcu.externaltools.arm-none.win32_1.13.2.201703061525/tools/compiler/bin/../lib/gcc/arm-none-eabi/5.4.1/armv6-m/crtbegin.o
 .ARM.attributes
                0x0000004a       0x31 Drivers/STM32F0xx_HAL_Driver/Src/stm32f0xx_hal.o
 .ARM.attributes
                0x0000007b       0x31 Drivers/STM32F0xx_HAL_Driver/Src/stm32f0xx_hal_adc.o
 .ARM.attributes
                0x000000ac       0x31 Drivers/STM32F0xx_HAL_Driver/Src/stm32f0xx_hal_cortex.o
 .ARM.attributes
                0x000000dd       0x31 Drivers/STM32F0xx_HAL_Driver/Src/stm32f0xx_hal_gpio.o
 .ARM.attributes
                0x0000010e       0x31 Drivers/STM32F0xx_HAL_Driver/Src/stm32f0xx_hal_i2c.o
 .ARM.attributes
                0x0000013f       0x31 Drivers/STM32F0xx_HAL_Driver/Src/stm32f0xx_hal_i2c_ex.o
 .ARM.attributes
                0x00000170       0x31 Drivers/STM32F0xx_HAL_Driver/Src/stm32f0xx_hal_pcd.o
 .ARM.attributes
                0x000001a1       0x31 Drivers/STM32F0xx_HAL_Driver/Src/stm32f0xx_hal_pcd_ex.o
 .ARM.attributes
                0x000001d2       0x31 Drivers/STM32F0xx_HAL_Driver/Src/stm32f0xx_hal_pwr.o
 .ARM.attributes
                0x00000203       0x31 Drivers/STM32F0xx_HAL_Driver/Src/stm32f0xx_hal_rcc.o
 .ARM.attributes
                0x00000234       0x31 Drivers/STM32F0xx_HAL_Driver/Src/stm32f0xx_hal_rcc_ex.o
 .ARM.attributes
                0x00000265       0x31 Drivers/STM32F0xx_HAL_Driver/Src/stm32f0xx_hal_rtc.o
 .ARM.attributes
                0x00000296       0x31 Drivers/STM32F0xx_HAL_Driver/Src/stm32f0xx_hal_tim.o
 .ARM.attributes
                0x000002c7       0x31 Drivers/STM32F0xx_HAL_Driver/Src/stm32f0xx_hal_tim_ex.o
 .ARM.attributes
                0x000002f8       0x31 Drivers/STM32F0xx_HAL_Driver/Src/stm32f0xx_hal_tsc.o
 .ARM.attributes
                0x00000329       0x31 Middlewares/ST/STM32_USB_Device_Library/Class/CDC/Src/usbd_cdc.o
 .ARM.attributes
                0x0000035a       0x31 Middlewares/ST/STM32_USB_Device_Library/Core/Src/usbd_core.o
 .ARM.attributes
                0x0000038b       0x31 Middlewares/ST/STM32_USB_Device_Library/Core/Src/usbd_ctlreq.o
 .ARM.attributes
                0x000003bc       0x31 Middlewares/ST/STM32_USB_Device_Library/Core/Src/usbd_ioreq.o
 .ARM.attributes
                0x000003ed       0x31 Src/main.o
 .ARM.attributes
                0x0000041e       0x31 Src/stm32f0xx_hal_msp.o
 .ARM.attributes
                0x0000044f       0x31 Src/stm32f0xx_it.o
 .ARM.attributes
                0x00000480       0x31 Src/system_stm32f0xx.o
 .ARM.attributes
                0x000004b1       0x31 Src/usb_device.o
 .ARM.attributes
                0x000004e2       0x31 Src/usbd_cdc_if.o
 .ARM.attributes
                0x00000513       0x31 Src/usbd_conf.o
 .ARM.attributes
                0x00000544       0x31 Src/usbd_desc.o
 .ARM.attributes
                0x00000575       0x21 startup/startup_stm32f042x6.o
 .ARM.attributes
                0x00000596       0x1e c:/users/canna_000/.p2/pool/plugins/fr.ac6.mcu.externaltools.arm-none.win32_1.13.2.201703061525/tools/compiler/bin/../lib/gcc/arm-none-eabi/5.4.1/armv6-m\libgcc.a(_udivsi3.o)
 .ARM.attributes
                0x000005b4       0x1e c:/users/canna_000/.p2/pool/plugins/fr.ac6.mcu.externaltools.arm-none.win32_1.13.2.201703061525/tools/compiler/bin/../lib/gcc/arm-none-eabi/5.4.1/armv6-m\libgcc.a(_divsi3.o)
 .ARM.attributes
                0x000005d2       0x1e c:/users/canna_000/.p2/pool/plugins/fr.ac6.mcu.externaltools.arm-none.win32_1.13.2.201703061525/tools/compiler/bin/../lib/gcc/arm-none-eabi/5.4.1/armv6-m\libgcc.a(_dvmd_tls.o)
 .ARM.attributes
                0x000005f0       0x2c c:/users/canna_000/.p2/pool/plugins/fr.ac6.mcu.externaltools.arm-none.win32_1.13.2.201703061525/tools/compiler/bin/../lib/gcc/arm-none-eabi/5.4.1/../../../../arm-none-eabi/lib/armv6-m\libc_nano.a(lib_a-init.o)
 .ARM.attributes
                0x0000061c       0x2c c:/users/canna_000/.p2/pool/plugins/fr.ac6.mcu.externaltools.arm-none.win32_1.13.2.201703061525/tools/compiler/bin/../lib/gcc/arm-none-eabi/5.4.1/../../../../arm-none-eabi/lib/armv6-m\libc_nano.a(lib_a-memcpy-stub.o)
 .ARM.attributes
                0x00000648       0x1e c:/users/canna_000/.p2/pool/plugins/fr.ac6.mcu.externaltools.arm-none.win32_1.13.2.201703061525/tools/compiler/bin/../lib/gcc/arm-none-eabi/5.4.1/armv6-m/crtn.o
OUTPUT(Kello_firmware.elf elf32-littlearm)

.debug_info     0x00000000    0x1a684
 .debug_info    0x00000000      0x5ee Drivers/STM32F0xx_HAL_Driver/Src/stm32f0xx_hal.o
 .debug_info    0x000005ee      0xecc Drivers/STM32F0xx_HAL_Driver/Src/stm32f0xx_hal_adc.o
 .debug_info    0x000014ba      0x7a3 Drivers/STM32F0xx_HAL_Driver/Src/stm32f0xx_hal_cortex.o
 .debug_info    0x00001c5d      0x5ea Drivers/STM32F0xx_HAL_Driver/Src/stm32f0xx_hal_gpio.o
 .debug_info    0x00002247     0x4234 Drivers/STM32F0xx_HAL_Driver/Src/stm32f0xx_hal_i2c.o
 .debug_info    0x0000647b      0x82c Drivers/STM32F0xx_HAL_Driver/Src/stm32f0xx_hal_i2c_ex.o
 .debug_info    0x00006ca7     0x15b1 Drivers/STM32F0xx_HAL_Driver/Src/stm32f0xx_hal_pcd.o
 .debug_info    0x00008258      0x556 Drivers/STM32F0xx_HAL_Driver/Src/stm32f0xx_hal_pcd_ex.o
 .debug_info    0x000087ae      0x458 Drivers/STM32F0xx_HAL_Driver/Src/stm32f0xx_hal_pwr.o
 .debug_info    0x00008c06      0x9b5 Drivers/STM32F0xx_HAL_Driver/Src/stm32f0xx_hal_rcc.o
 .debug_info    0x000095bb      0x64d Drivers/STM32F0xx_HAL_Driver/Src/stm32f0xx_hal_rcc_ex.o
 .debug_info    0x00009c08      0xfaa Drivers/STM32F0xx_HAL_Driver/Src/stm32f0xx_hal_rtc.o
 .debug_info    0x0000abb2     0x38ca Drivers/STM32F0xx_HAL_Driver/Src/stm32f0xx_hal_tim.o
 .debug_info    0x0000e47c     0x111c Drivers/STM32F0xx_HAL_Driver/Src/stm32f0xx_hal_tim_ex.o
 .debug_info    0x0000f598      0x732 Drivers/STM32F0xx_HAL_Driver/Src/stm32f0xx_hal_tsc.o
 .debug_info    0x0000fcca      0xce8 Middlewares/ST/STM32_USB_Device_Library/Class/CDC/Src/usbd_cdc.o
 .debug_info    0x000109b2      0xbd7 Middlewares/ST/STM32_USB_Device_Library/Core/Src/usbd_core.o
 .debug_info    0x00011589      0xd6a Middlewares/ST/STM32_USB_Device_Library/Core/Src/usbd_ctlreq.o
 .debug_info    0x000122f3      0x73e Middlewares/ST/STM32_USB_Device_Library/Core/Src/usbd_ioreq.o
 .debug_info    0x00012a31     0x2ed5 Src/main.o
 .debug_info    0x00015906     0x1586 Src/stm32f0xx_hal_msp.o
 .debug_info    0x00016e8c      0x9ed Src/stm32f0xx_it.o
 .debug_info    0x00017879      0x24b Src/system_stm32f0xx.o
 .debug_info    0x00017ac4      0x5ef Src/usb_device.o
 .debug_info    0x000180b3      0x9d7 Src/usbd_cdc_if.o
 .debug_info    0x00018a8a     0x16c4 Src/usbd_conf.o
 .debug_info    0x0001a14e      0x4c4 Src/usbd_desc.o
 .debug_info    0x0001a612       0x72 startup/startup_stm32f042x6.o

.debug_abbrev   0x00000000     0x3ac5
 .debug_abbrev  0x00000000      0x1de Drivers/STM32F0xx_HAL_Driver/Src/stm32f0xx_hal.o
 .debug_abbrev  0x000001de      0x2e1 Drivers/STM32F0xx_HAL_Driver/Src/stm32f0xx_hal_adc.o
 .debug_abbrev  0x000004bf      0x276 Drivers/STM32F0xx_HAL_Driver/Src/stm32f0xx_hal_cortex.o
 .debug_abbrev  0x00000735      0x1e1 Drivers/STM32F0xx_HAL_Driver/Src/stm32f0xx_hal_gpio.o
 .debug_abbrev  0x00000916      0x33f Drivers/STM32F0xx_HAL_Driver/Src/stm32f0xx_hal_i2c.o
 .debug_abbrev  0x00000c55      0x199 Drivers/STM32F0xx_HAL_Driver/Src/stm32f0xx_hal_i2c_ex.o
 .debug_abbrev  0x00000dee      0x31b Drivers/STM32F0xx_HAL_Driver/Src/stm32f0xx_hal_pcd.o
 .debug_abbrev  0x00001109      0x143 Drivers/STM32F0xx_HAL_Driver/Src/stm32f0xx_hal_pcd_ex.o
 .debug_abbrev  0x0000124c      0x150 Drivers/STM32F0xx_HAL_Driver/Src/stm32f0xx_hal_pwr.o
 .debug_abbrev  0x0000139c      0x254 Drivers/STM32F0xx_HAL_Driver/Src/stm32f0xx_hal_rcc.o
 .debug_abbrev  0x000015f0      0x1e8 Drivers/STM32F0xx_HAL_Driver/Src/stm32f0xx_hal_rcc_ex.o
 .debug_abbrev  0x000017d8      0x25d Drivers/STM32F0xx_HAL_Driver/Src/stm32f0xx_hal_rtc.o
 .debug_abbrev  0x00001a35      0x317 Drivers/STM32F0xx_HAL_Driver/Src/stm32f0xx_hal_tim.o
 .debug_abbrev  0x00001d4c      0x2b9 Drivers/STM32F0xx_HAL_Driver/Src/stm32f0xx_hal_tim_ex.o
 .debug_abbrev  0x00002005      0x21e Drivers/STM32F0xx_HAL_Driver/Src/stm32f0xx_hal_tsc.o
 .debug_abbrev  0x00002223      0x239 Middlewares/ST/STM32_USB_Device_Library/Class/CDC/Src/usbd_cdc.o
 .debug_abbrev  0x0000245c      0x25b Middlewares/ST/STM32_USB_Device_Library/Core/Src/usbd_core.o
 .debug_abbrev  0x000026b7      0x2e3 Middlewares/ST/STM32_USB_Device_Library/Core/Src/usbd_ctlreq.o
 .debug_abbrev  0x0000299a      0x140 Middlewares/ST/STM32_USB_Device_Library/Core/Src/usbd_ioreq.o
 .debug_abbrev  0x00002ada      0x34b Src/main.o
 .debug_abbrev  0x00002e25      0x202 Src/stm32f0xx_hal_msp.o
 .debug_abbrev  0x00003027      0x1ce Src/stm32f0xx_it.o
 .debug_abbrev  0x000031f5       0xf3 Src/system_stm32f0xx.o
 .debug_abbrev  0x000032e8      0x158 Src/usb_device.o
 .debug_abbrev  0x00003440      0x257 Src/usbd_cdc_if.o
 .debug_abbrev  0x00003697      0x28d Src/usbd_conf.o
 .debug_abbrev  0x00003924      0x18f Src/usbd_desc.o
 .debug_abbrev  0x00003ab3       0x12 startup/startup_stm32f042x6.o

.debug_loc      0x00000000    0x15a23
 .debug_loc     0x00000000       0x7c Drivers/STM32F0xx_HAL_Driver/Src/stm32f0xx_hal.o
 .debug_loc     0x0000007c      0xd9c Drivers/STM32F0xx_HAL_Driver/Src/stm32f0xx_hal_adc.o
 .debug_loc     0x00000e18      0x409 Drivers/STM32F0xx_HAL_Driver/Src/stm32f0xx_hal_cortex.o
 .debug_loc     0x00001221      0x3fd Drivers/STM32F0xx_HAL_Driver/Src/stm32f0xx_hal_gpio.o
 .debug_loc     0x0000161e     0x642a Drivers/STM32F0xx_HAL_Driver/Src/stm32f0xx_hal_i2c.o
 .debug_loc     0x00007a48      0x1b0 Drivers/STM32F0xx_HAL_Driver/Src/stm32f0xx_hal_i2c_ex.o
 .debug_loc     0x00007bf8     0x259b Drivers/STM32F0xx_HAL_Driver/Src/stm32f0xx_hal_pcd.o
 .debug_loc     0x0000a193       0xcc Drivers/STM32F0xx_HAL_Driver/Src/stm32f0xx_hal_pcd_ex.o
 .debug_loc     0x0000a25f       0xc8 Drivers/STM32F0xx_HAL_Driver/Src/stm32f0xx_hal_pwr.o
 .debug_loc     0x0000a327      0x526 Drivers/STM32F0xx_HAL_Driver/Src/stm32f0xx_hal_rcc.o
 .debug_loc     0x0000a84d      0x637 Drivers/STM32F0xx_HAL_Driver/Src/stm32f0xx_hal_rcc_ex.o
 .debug_loc     0x0000ae84     0x11a9 Drivers/STM32F0xx_HAL_Driver/Src/stm32f0xx_hal_rtc.o
 .debug_loc     0x0000c02d     0x5ce6 Drivers/STM32F0xx_HAL_Driver/Src/stm32f0xx_hal_tim.o
 .debug_loc     0x00011d13      0xde9 Drivers/STM32F0xx_HAL_Driver/Src/stm32f0xx_hal_tim_ex.o
 .debug_loc     0x00012afc      0x39c Drivers/STM32F0xx_HAL_Driver/Src/stm32f0xx_hal_tsc.o
 .debug_loc     0x00012e98      0x5ae Middlewares/ST/STM32_USB_Device_Library/Class/CDC/Src/usbd_cdc.o
 .debug_loc     0x00013446      0x6ad Middlewares/ST/STM32_USB_Device_Library/Core/Src/usbd_core.o
 .debug_loc     0x00013af3      0xa20 Middlewares/ST/STM32_USB_Device_Library/Core/Src/usbd_ctlreq.o
 .debug_loc     0x00014513      0x23c Middlewares/ST/STM32_USB_Device_Library/Core/Src/usbd_ioreq.o
 .debug_loc     0x0001474f      0x2c0 Src/main.o
 .debug_loc     0x00014a0f      0x1af Src/stm32f0xx_hal_msp.o
 .debug_loc     0x00014bbe      0x142 Src/system_stm32f0xx.o
 .debug_loc     0x00014d00       0xf8 Src/usbd_cdc_if.o
 .debug_loc     0x00014df8      0x9b8 Src/usbd_conf.o
 .debug_loc     0x000157b0      0x273 Src/usbd_desc.o

.debug_aranges  0x00000000      0xfe0
 .debug_aranges
                0x00000000       0xb0 Drivers/STM32F0xx_HAL_Driver/Src/stm32f0xx_hal.o
 .debug_aranges
                0x000000b0       0xc0 Drivers/STM32F0xx_HAL_Driver/Src/stm32f0xx_hal_adc.o
 .debug_aranges
                0x00000170       0x78 Drivers/STM32F0xx_HAL_Driver/Src/stm32f0xx_hal_cortex.o
 .debug_aranges
                0x000001e8       0x58 Drivers/STM32F0xx_HAL_Driver/Src/stm32f0xx_hal_gpio.o
 .debug_aranges
                0x00000240      0x1b8 Drivers/STM32F0xx_HAL_Driver/Src/stm32f0xx_hal_i2c.o
 .debug_aranges
                0x000003f8       0x48 Drivers/STM32F0xx_HAL_Driver/Src/stm32f0xx_hal_i2c_ex.o
 .debug_aranges
                0x00000440       0xd0 Drivers/STM32F0xx_HAL_Driver/Src/stm32f0xx_hal_pcd.o
 .debug_aranges
                0x00000510       0x20 Drivers/STM32F0xx_HAL_Driver/Src/stm32f0xx_hal_pcd_ex.o
 .debug_aranges
                0x00000530       0x78 Drivers/STM32F0xx_HAL_Driver/Src/stm32f0xx_hal_pwr.o
 .debug_aranges
                0x000005a8       0x80 Drivers/STM32F0xx_HAL_Driver/Src/stm32f0xx_hal_rcc.o
 .debug_aranges
                0x00000628       0x68 Drivers/STM32F0xx_HAL_Driver/Src/stm32f0xx_hal_rcc_ex.o
 .debug_aranges
                0x00000690       0xa8 Drivers/STM32F0xx_HAL_Driver/Src/stm32f0xx_hal_rtc.o
 .debug_aranges
                0x00000738      0x248 Drivers/STM32F0xx_HAL_Driver/Src/stm32f0xx_hal_tim.o
 .debug_aranges
                0x00000980       0xe8 Drivers/STM32F0xx_HAL_Driver/Src/stm32f0xx_hal_tim_ex.o
 .debug_aranges
                0x00000a68       0x88 Drivers/STM32F0xx_HAL_Driver/Src/stm32f0xx_hal_tsc.o
 .debug_aranges
                0x00000af0       0x90 Middlewares/ST/STM32_USB_Device_Library/Class/CDC/Src/usbd_cdc.o
 .debug_aranges
                0x00000b80       0xa8 Middlewares/ST/STM32_USB_Device_Library/Core/Src/usbd_core.o
 .debug_aranges
                0x00000c28       0x48 Middlewares/ST/STM32_USB_Device_Library/Core/Src/usbd_ctlreq.o
 .debug_aranges
                0x00000c70       0x50 Middlewares/ST/STM32_USB_Device_Library/Core/Src/usbd_ioreq.o
 .debug_aranges
                0x00000cc0       0x58 Src/main.o
 .debug_aranges
                0x00000d18       0x78 Src/stm32f0xx_hal_msp.o
 .debug_aranges
                0x00000d90       0x40 Src/stm32f0xx_it.o
 .debug_aranges
                0x00000dd0       0x28 Src/system_stm32f0xx.o
 .debug_aranges
                0x00000df8       0x20 Src/usb_device.o
 .debug_aranges
                0x00000e18       0x40 Src/usbd_cdc_if.o
 .debug_aranges
                0x00000e58      0x110 Src/usbd_conf.o
 .debug_aranges
                0x00000f68       0x50 Src/usbd_desc.o
 .debug_aranges
                0x00000fb8       0x28 startup/startup_stm32f042x6.o

.debug_ranges   0x00000000     0x2dd0
 .debug_ranges  0x00000000       0xa0 Drivers/STM32F0xx_HAL_Driver/Src/stm32f0xx_hal.o
 .debug_ranges  0x000000a0      0x1f0 Drivers/STM32F0xx_HAL_Driver/Src/stm32f0xx_hal_adc.o
 .debug_ranges  0x00000290       0xe8 Drivers/STM32F0xx_HAL_Driver/Src/stm32f0xx_hal_cortex.o
 .debug_ranges  0x00000378       0x80 Drivers/STM32F0xx_HAL_Driver/Src/stm32f0xx_hal_gpio.o
 .debug_ranges  0x000003f8      0xe08 Drivers/STM32F0xx_HAL_Driver/Src/stm32f0xx_hal_i2c.o
 .debug_ranges  0x00001200       0x70 Drivers/STM32F0xx_HAL_Driver/Src/stm32f0xx_hal_i2c_ex.o
 .debug_ranges  0x00001270      0x418 Drivers/STM32F0xx_HAL_Driver/Src/stm32f0xx_hal_pcd.o
 .debug_ranges  0x00001688       0x10 Drivers/STM32F0xx_HAL_Driver/Src/stm32f0xx_hal_pcd_ex.o
 .debug_ranges  0x00001698       0x68 Drivers/STM32F0xx_HAL_Driver/Src/stm32f0xx_hal_pwr.o
 .debug_ranges  0x00001700       0xd0 Drivers/STM32F0xx_HAL_Driver/Src/stm32f0xx_hal_rcc.o
 .debug_ranges  0x000017d0       0x70 Drivers/STM32F0xx_HAL_Driver/Src/stm32f0xx_hal_rcc_ex.o
 .debug_ranges  0x00001840      0x158 Drivers/STM32F0xx_HAL_Driver/Src/stm32f0xx_hal_rtc.o
 .debug_ranges  0x00001998      0xaa8 Drivers/STM32F0xx_HAL_Driver/Src/stm32f0xx_hal_tim.o
 .debug_ranges  0x00002440      0x1a8 Drivers/STM32F0xx_HAL_Driver/Src/stm32f0xx_hal_tim_ex.o
 .debug_ranges  0x000025e8       0xd8 Drivers/STM32F0xx_HAL_Driver/Src/stm32f0xx_hal_tsc.o
 .debug_ranges  0x000026c0       0x80 Middlewares/ST/STM32_USB_Device_Library/Class/CDC/Src/usbd_cdc.o
 .debug_ranges  0x00002740       0x98 Middlewares/ST/STM32_USB_Device_Library/Core/Src/usbd_core.o
 .debug_ranges  0x000027d8      0x100 Middlewares/ST/STM32_USB_Device_Library/Core/Src/usbd_ctlreq.o
 .debug_ranges  0x000028d8       0x40 Middlewares/ST/STM32_USB_Device_Library/Core/Src/usbd_ioreq.o
 .debug_ranges  0x00002918      0x150 Src/main.o
 .debug_ranges  0x00002a68       0xf8 Src/stm32f0xx_hal_msp.o
 .debug_ranges  0x00002b60       0x30 Src/stm32f0xx_it.o
 .debug_ranges  0x00002b90       0x18 Src/system_stm32f0xx.o
 .debug_ranges  0x00002ba8       0x10 Src/usb_device.o
 .debug_ranges  0x00002bb8       0x30 Src/usbd_cdc_if.o
 .debug_ranges  0x00002be8      0x128 Src/usbd_conf.o
 .debug_ranges  0x00002d10       0xa0 Src/usbd_desc.o
 .debug_ranges  0x00002db0       0x20 startup/startup_stm32f042x6.o

.debug_macro    0x00000000    0x1a8f1
 .debug_macro   0x00000000      0x35f Drivers/STM32F0xx_HAL_Driver/Src/stm32f0xx_hal.o
 .debug_macro   0x0000035f      0x832 Drivers/STM32F0xx_HAL_Driver/Src/stm32f0xx_hal.o
 .debug_macro   0x00000b91      0x191 Drivers/STM32F0xx_HAL_Driver/Src/stm32f0xx_hal.o
 .debug_macro   0x00000d22       0xbd Drivers/STM32F0xx_HAL_Driver/Src/stm32f0xx_hal.o
 .debug_macro   0x00000ddf       0x2e Drivers/STM32F0xx_HAL_Driver/Src/stm32f0xx_hal.o
 .debug_macro   0x00000e0d       0x22 Drivers/STM32F0xx_HAL_Driver/Src/stm32f0xx_hal.o
 .debug_macro   0x00000e2f       0x22 Drivers/STM32F0xx_HAL_Driver/Src/stm32f0xx_hal.o
 .debug_macro   0x00000e51       0x87 Drivers/STM32F0xx_HAL_Driver/Src/stm32f0xx_hal.o
 .debug_macro   0x00000ed8       0x44 Drivers/STM32F0xx_HAL_Driver/Src/stm32f0xx_hal.o
 .debug_macro   0x00000f1c       0xfd Drivers/STM32F0xx_HAL_Driver/Src/stm32f0xx_hal.o
 .debug_macro   0x00001019       0x5e Drivers/STM32F0xx_HAL_Driver/Src/stm32f0xx_hal.o
 .debug_macro   0x00001077      0x1df Drivers/STM32F0xx_HAL_Driver/Src/stm32f0xx_hal.o
 .debug_macro   0x00001256       0x34 Drivers/STM32F0xx_HAL_Driver/Src/stm32f0xx_hal.o
 .debug_macro   0x0000128a       0x26 Drivers/STM32F0xx_HAL_Driver/Src/stm32f0xx_hal.o
 .debug_macro   0x000012b0      0x30d Drivers/STM32F0xx_HAL_Driver/Src/stm32f0xx_hal.o
 .debug_macro   0x000015bd     0xf1ed Drivers/STM32F0xx_HAL_Driver/Src/stm32f0xx_hal.o
 .debug_macro   0x000107aa       0x3c Drivers/STM32F0xx_HAL_Driver/Src/stm32f0xx_hal.o
 .debug_macro   0x000107e6       0x52 Drivers/STM32F0xx_HAL_Driver/Src/stm32f0xx_hal.o
 .debug_macro   0x00010838       0x35 Drivers/STM32F0xx_HAL_Driver/Src/stm32f0xx_hal.o
 .debug_macro   0x0001086d       0x9c Drivers/STM32F0xx_HAL_Driver/Src/stm32f0xx_hal.o
 .debug_macro   0x00010909       0x16 Drivers/STM32F0xx_HAL_Driver/Src/stm32f0xx_hal.o
 .debug_macro   0x0001091f       0x97 Drivers/STM32F0xx_HAL_Driver/Src/stm32f0xx_hal.o
 .debug_macro   0x000109b6      0x30d Drivers/STM32F0xx_HAL_Driver/Src/stm32f0xx_hal.o
 .debug_macro   0x00010cc3       0xfd Drivers/STM32F0xx_HAL_Driver/Src/stm32f0xx_hal.o
 .debug_macro   0x00010dc0       0x10 Drivers/STM32F0xx_HAL_Driver/Src/stm32f0xx_hal.o
 .debug_macro   0x00010dd0       0x52 Drivers/STM32F0xx_HAL_Driver/Src/stm32f0xx_hal.o
 .debug_macro   0x00010e22       0x1f Drivers/STM32F0xx_HAL_Driver/Src/stm32f0xx_hal.o
 .debug_macro   0x00010e41       0x43 Drivers/STM32F0xx_HAL_Driver/Src/stm32f0xx_hal.o
 .debug_macro   0x00010e84       0x20 Drivers/STM32F0xx_HAL_Driver/Src/stm32f0xx_hal.o
 .debug_macro   0x00010ea4      0x187 Drivers/STM32F0xx_HAL_Driver/Src/stm32f0xx_hal.o
 .debug_macro   0x0001102b       0x10 Drivers/STM32F0xx_HAL_Driver/Src/stm32f0xx_hal.o
 .debug_macro   0x0001103b       0x1c Drivers/STM32F0xx_HAL_Driver/Src/stm32f0xx_hal.o
 .debug_macro   0x00011057       0x52 Drivers/STM32F0xx_HAL_Driver/Src/stm32f0xx_hal.o
 .debug_macro   0x000110a9       0x40 Drivers/STM32F0xx_HAL_Driver/Src/stm32f0xx_hal.o
 .debug_macro   0x000110e9       0x10 Drivers/STM32F0xx_HAL_Driver/Src/stm32f0xx_hal.o
 .debug_macro   0x000110f9       0x40 Drivers/STM32F0xx_HAL_Driver/Src/stm32f0xx_hal.o
 .debug_macro   0x00011139       0xd7 Drivers/STM32F0xx_HAL_Driver/Src/stm32f0xx_hal.o
 .debug_macro   0x00011210       0x16 Drivers/STM32F0xx_HAL_Driver/Src/stm32f0xx_hal.o
 .debug_macro   0x00011226      0x18b Drivers/STM32F0xx_HAL_Driver/Src/stm32f0xx_hal.o
 .debug_macro   0x000113b1       0x49 Drivers/STM32F0xx_HAL_Driver/Src/stm32f0xx_hal.o
 .debug_macro   0x000113fa      0x951 Drivers/STM32F0xx_HAL_Driver/Src/stm32f0xx_hal.o
 .debug_macro   0x00011d4b      0x46b Drivers/STM32F0xx_HAL_Driver/Src/stm32f0xx_hal.o
 .debug_macro   0x000121b6      0x13a Drivers/STM32F0xx_HAL_Driver/Src/stm32f0xx_hal.o
 .debug_macro   0x000122f0      0x130 Drivers/STM32F0xx_HAL_Driver/Src/stm32f0xx_hal.o
 .debug_macro   0x00012420      0x1ed Drivers/STM32F0xx_HAL_Driver/Src/stm32f0xx_hal.o
 .debug_macro   0x0001260d       0x34 Drivers/STM32F0xx_HAL_Driver/Src/stm32f0xx_hal.o
 .debug_macro   0x00012641       0x43 Drivers/STM32F0xx_HAL_Driver/Src/stm32f0xx_hal.o
 .debug_macro   0x00012684       0x28 Drivers/STM32F0xx_HAL_Driver/Src/stm32f0xx_hal.o
 .debug_macro   0x000126ac      0x33d Drivers/STM32F0xx_HAL_Driver/Src/stm32f0xx_hal.o
 .debug_macro   0x000129e9       0xce Drivers/STM32F0xx_HAL_Driver/Src/stm32f0xx_hal.o
 .debug_macro   0x00012ab7       0xb6 Drivers/STM32F0xx_HAL_Driver/Src/stm32f0xx_hal.o
 .debug_macro   0x00012b6d      0x182 Drivers/STM32F0xx_HAL_Driver/Src/stm32f0xx_hal.o
 .debug_macro   0x00012cef      0x202 Drivers/STM32F0xx_HAL_Driver/Src/stm32f0xx_hal.o
 .debug_macro   0x00012ef1       0x61 Drivers/STM32F0xx_HAL_Driver/Src/stm32f0xx_hal.o
 .debug_macro   0x00012f52       0x90 Drivers/STM32F0xx_HAL_Driver/Src/stm32f0xx_hal.o
 .debug_macro   0x00012fe2      0x265 Drivers/STM32F0xx_HAL_Driver/Src/stm32f0xx_hal.o
 .debug_macro   0x00013247       0x4d Drivers/STM32F0xx_HAL_Driver/Src/stm32f0xx_hal.o
 .debug_macro   0x00013294      0x161 Drivers/STM32F0xx_HAL_Driver/Src/stm32f0xx_hal.o
 .debug_macro   0x000133f5      0x2e2 Drivers/STM32F0xx_HAL_Driver/Src/stm32f0xx_hal.o
 .debug_macro   0x000136d7      0x2cb Drivers/STM32F0xx_HAL_Driver/Src/stm32f0xx_hal.o
 .debug_macro   0x000139a2       0xdd Drivers/STM32F0xx_HAL_Driver/Src/stm32f0xx_hal.o
 .debug_macro   0x00013a7f      0x845 Drivers/STM32F0xx_HAL_Driver/Src/stm32f0xx_hal.o
 .debug_macro   0x000142c4       0x45 Drivers/STM32F0xx_HAL_Driver/Src/stm32f0xx_hal.o
 .debug_macro   0x00014309      0x46a Drivers/STM32F0xx_HAL_Driver/Src/stm32f0xx_hal.o
 .debug_macro   0x00014773      0x127 Drivers/STM32F0xx_HAL_Driver/Src/stm32f0xx_hal.o
 .debug_macro   0x0001489a      0x35f Drivers/STM32F0xx_HAL_Driver/Src/stm32f0xx_hal_adc.o
 .debug_macro   0x00014bf9      0x33b Drivers/STM32F0xx_HAL_Driver/Src/stm32f0xx_hal_cortex.o
 .debug_macro   0x00014f34      0x373 Drivers/STM32F0xx_HAL_Driver/Src/stm32f0xx_hal_gpio.o
 .debug_macro   0x000152a7      0x407 Drivers/STM32F0xx_HAL_Driver/Src/stm32f0xx_hal_i2c.o
 .debug_macro   0x000156ae      0x33b Drivers/STM32F0xx_HAL_Driver/Src/stm32f0xx_hal_i2c_ex.o
 .debug_macro   0x000159e9      0x341 Drivers/STM32F0xx_HAL_Driver/Src/stm32f0xx_hal_pcd.o
 .debug_macro   0x00015d2a      0x33b Drivers/STM32F0xx_HAL_Driver/Src/stm32f0xx_hal_pcd_ex.o
 .debug_macro   0x00016065      0x33b Drivers/STM32F0xx_HAL_Driver/Src/stm32f0xx_hal_pwr.o
 .debug_macro   0x000163a0      0x34d Drivers/STM32F0xx_HAL_Driver/Src/stm32f0xx_hal_rcc.o
 .debug_macro   0x000166ed      0x34d Drivers/STM32F0xx_HAL_Driver/Src/stm32f0xx_hal_rcc_ex.o
 .debug_macro   0x00016a3a      0x33b Drivers/STM32F0xx_HAL_Driver/Src/stm32f0xx_hal_rtc.o
 .debug_macro   0x00016d75      0x33b Drivers/STM32F0xx_HAL_Driver/Src/stm32f0xx_hal_tim.o
 .debug_macro   0x000170b0      0x33b Drivers/STM32F0xx_HAL_Driver/Src/stm32f0xx_hal_tim_ex.o
 .debug_macro   0x000173eb      0x33b Drivers/STM32F0xx_HAL_Driver/Src/stm32f0xx_hal_tsc.o
 .debug_macro   0x00017726      0x3f1 Middlewares/ST/STM32_USB_Device_Library/Class/CDC/Src/usbd_cdc.o
 .debug_macro   0x00017b17       0x4c Middlewares/ST/STM32_USB_Device_Library/Class/CDC/Src/usbd_cdc.o
 .debug_macro   0x00017b63       0x8d Middlewares/ST/STM32_USB_Device_Library/Class/CDC/Src/usbd_cdc.o
 .debug_macro   0x00017bf0       0x4a Middlewares/ST/STM32_USB_Device_Library/Class/CDC/Src/usbd_cdc.o
 .debug_macro   0x00017c3a       0x16 Middlewares/ST/STM32_USB_Device_Library/Class/CDC/Src/usbd_cdc.o
 .debug_macro   0x00017c50       0x35 Middlewares/ST/STM32_USB_Device_Library/Class/CDC/Src/usbd_cdc.o
 .debug_macro   0x00017c85       0x16 Middlewares/ST/STM32_USB_Device_Library/Class/CDC/Src/usbd_cdc.o
 .debug_macro   0x00017c9b       0x29 Middlewares/ST/STM32_USB_Device_Library/Class/CDC/Src/usbd_cdc.o
 .debug_macro   0x00017cc4       0x16 Middlewares/ST/STM32_USB_Device_Library/Class/CDC/Src/usbd_cdc.o
 .debug_macro   0x00017cda       0x6a Middlewares/ST/STM32_USB_Device_Library/Class/CDC/Src/usbd_cdc.o
 .debug_macro   0x00017d44      0x1c3 Middlewares/ST/STM32_USB_Device_Library/Class/CDC/Src/usbd_cdc.o
 .debug_macro   0x00017f07       0x83 Middlewares/ST/STM32_USB_Device_Library/Class/CDC/Src/usbd_cdc.o
 .debug_macro   0x00017f8a      0x3d8 Middlewares/ST/STM32_USB_Device_Library/Core/Src/usbd_core.o
 .debug_macro   0x00018362      0x3d8 Middlewares/ST/STM32_USB_Device_Library/Core/Src/usbd_ctlreq.o
 .debug_macro   0x0001873a      0x3d4 Middlewares/ST/STM32_USB_Device_Library/Core/Src/usbd_ioreq.o
 .debug_macro   0x00018b0e      0x41d Src/main.o
 .debug_macro   0x00018f2b      0x33b Src/stm32f0xx_hal_msp.o
 .debug_macro   0x00019266      0x345 Src/stm32f0xx_it.o
 .debug_macro   0x000195ab      0x33b Src/system_stm32f0xx.o
 .debug_macro   0x000198e6      0x40f Src/usb_device.o
 .debug_macro   0x00019cf5      0x3f9 Src/usbd_cdc_if.o
 .debug_macro   0x0001a0ee      0x3f1 Src/usbd_conf.o
 .debug_macro   0x0001a4df      0x412 Src/usbd_desc.o

.debug_line     0x00000000    0x148de
 .debug_line    0x00000000      0x960 Drivers/STM32F0xx_HAL_Driver/Src/stm32f0xx_hal.o
 .debug_line    0x00000960      0xe0a Drivers/STM32F0xx_HAL_Driver/Src/stm32f0xx_hal_adc.o
 .debug_line    0x0000176a      0x963 Drivers/STM32F0xx_HAL_Driver/Src/stm32f0xx_hal_cortex.o
 .debug_line    0x000020cd      0x970 Drivers/STM32F0xx_HAL_Driver/Src/stm32f0xx_hal_gpio.o
 .debug_line    0x00002a3d     0x2274 Drivers/STM32F0xx_HAL_Driver/Src/stm32f0xx_hal_i2c.o
 .debug_line    0x00004cb1      0x992 Drivers/STM32F0xx_HAL_Driver/Src/stm32f0xx_hal_i2c_ex.o
 .debug_line    0x00005643      0xf9c Drivers/STM32F0xx_HAL_Driver/Src/stm32f0xx_hal_pcd.o
 .debug_line    0x000065df      0x7fd Drivers/STM32F0xx_HAL_Driver/Src/stm32f0xx_hal_pcd_ex.o
 .debug_line    0x00006ddc      0x900 Drivers/STM32F0xx_HAL_Driver/Src/stm32f0xx_hal_pwr.o
 .debug_line    0x000076dc      0xba3 Drivers/STM32F0xx_HAL_Driver/Src/stm32f0xx_hal_rcc.o
 .debug_line    0x0000827f      0xa62 Drivers/STM32F0xx_HAL_Driver/Src/stm32f0xx_hal_rcc_ex.o
 .debug_line    0x00008ce1      0xd97 Drivers/STM32F0xx_HAL_Driver/Src/stm32f0xx_hal_rtc.o
 .debug_line    0x00009a78     0x1e46 Drivers/STM32F0xx_HAL_Driver/Src/stm32f0xx_hal_tim.o
 .debug_line    0x0000b8be      0xd18 Drivers/STM32F0xx_HAL_Driver/Src/stm32f0xx_hal_tim_ex.o
 .debug_line    0x0000c5d6      0xa98 Drivers/STM32F0xx_HAL_Driver/Src/stm32f0xx_hal_tsc.o
 .debug_line    0x0000d06e      0xb08 Middlewares/ST/STM32_USB_Device_Library/Class/CDC/Src/usbd_cdc.o
 .debug_line    0x0000db76      0xac5 Middlewares/ST/STM32_USB_Device_Library/Core/Src/usbd_core.o
 .debug_line    0x0000e63b      0xa60 Middlewares/ST/STM32_USB_Device_Library/Core/Src/usbd_ctlreq.o
 .debug_line    0x0000f09b      0x965 Middlewares/ST/STM32_USB_Device_Library/Core/Src/usbd_ioreq.o
 .debug_line    0x0000fa00      0xc94 Src/main.o
 .debug_line    0x00010694      0x96f Src/stm32f0xx_hal_msp.o
 .debug_line    0x00011003      0x825 Src/stm32f0xx_it.o
 .debug_line    0x00011828      0x81f Src/system_stm32f0xx.o
 .debug_line    0x00012047      0x955 Src/usb_device.o
 .debug_line    0x0001299c      0x9a9 Src/usbd_cdc_if.o
 .debug_line    0x00013345      0xbc7 Src/usbd_conf.o
 .debug_line    0x00013f0c      0x93f Src/usbd_desc.o
 .debug_line    0x0001484b       0x93 startup/startup_stm32f042x6.o

.debug_str      0x00000000    0x7f7c7
 .debug_str     0x00000000    0x7970f Drivers/STM32F0xx_HAL_Driver/Src/stm32f0xx_hal.o
                              0x79988 (size before relaxing)
 .debug_str     0x0007970f      0x68c Drivers/STM32F0xx_HAL_Driver/Src/stm32f0xx_hal_adc.o
                              0x79b12 (size before relaxing)
 .debug_str     0x00079d9b      0x1d0 Drivers/STM32F0xx_HAL_Driver/Src/stm32f0xx_hal_cortex.o
                              0x79842 (size before relaxing)
 .debug_str     0x00079f6b      0x286 Drivers/STM32F0xx_HAL_Driver/Src/stm32f0xx_hal_gpio.o
                              0x79716 (size before relaxing)
 .debug_str     0x0007a1f1      0xefe Drivers/STM32F0xx_HAL_Driver/Src/stm32f0xx_hal_i2c.o
                              0x7a564 (size before relaxing)
 .debug_str     0x0007b0ef       0xf3 Drivers/STM32F0xx_HAL_Driver/Src/stm32f0xx_hal_i2c_ex.o
                              0x79a24 (size before relaxing)
 .debug_str     0x0007b1e2      0x539 Drivers/STM32F0xx_HAL_Driver/Src/stm32f0xx_hal_pcd.o
                              0x799f6 (size before relaxing)
 .debug_str     0x0007b71b       0x57 Drivers/STM32F0xx_HAL_Driver/Src/stm32f0xx_hal_pcd_ex.o
                              0x79754 (size before relaxing)
 .debug_str     0x0007b772      0x19f Drivers/STM32F0xx_HAL_Driver/Src/stm32f0xx_hal_pwr.o
                              0x79601 (size before relaxing)
 .debug_str     0x0007b911      0x348 Drivers/STM32F0xx_HAL_Driver/Src/stm32f0xx_hal_rcc.o
                              0x798ca (size before relaxing)
 .debug_str     0x0007bc59      0x34c Drivers/STM32F0xx_HAL_Driver/Src/stm32f0xx_hal_rcc_ex.o
                              0x79860 (size before relaxing)
 .debug_str     0x0007bfa5      0x3c5 Drivers/STM32F0xx_HAL_Driver/Src/stm32f0xx_hal_rtc.o
                              0x798cd (size before relaxing)
 .debug_str     0x0007c36a      0xcad Drivers/STM32F0xx_HAL_Driver/Src/stm32f0xx_hal_tim.o
                              0x7a33c (size before relaxing)
 .debug_str     0x0007d017      0x43a Drivers/STM32F0xx_HAL_Driver/Src/stm32f0xx_hal_tim_ex.o
                              0x79d45 (size before relaxing)
 .debug_str     0x0007d451      0x35c Drivers/STM32F0xx_HAL_Driver/Src/stm32f0xx_hal_tsc.o
                              0x797e2 (size before relaxing)
 .debug_str     0x0007d7ad     0x12ce Middlewares/ST/STM32_USB_Device_Library/Class/CDC/Src/usbd_cdc.o
                              0x7a7bb (size before relaxing)
 .debug_str     0x0007ea7b      0x283 Middlewares/ST/STM32_USB_Device_Library/Core/Src/usbd_core.o
                              0x7a46c (size before relaxing)
 .debug_str     0x0007ecfe      0x12e Middlewares/ST/STM32_USB_Device_Library/Core/Src/usbd_ctlreq.o
                              0x7a39e (size before relaxing)
 .debug_str     0x0007ee2c       0x51 Middlewares/ST/STM32_USB_Device_Library/Core/Src/usbd_ioreq.o
                              0x7a2cb (size before relaxing)
 .debug_str     0x0007ee7d      0x2f3 Src/main.o
                              0x7b7d4 (size before relaxing)
 .debug_str     0x0007f170       0xe5 Src/stm32f0xx_hal_msp.o
                              0x7a281 (size before relaxing)
 .debug_str     0x0007f255       0x87 Src/stm32f0xx_it.o
                              0x79aff (size before relaxing)
 .debug_str     0x0007f2dc       0x3b Src/system_stm32f0xx.o
                              0x794ad (size before relaxing)
 .debug_str     0x0007f317       0x40 Src/usb_device.o
                              0x7a53b (size before relaxing)
 .debug_str     0x0007f357       0xae Src/usbd_cdc_if.o
                              0x7a6d2 (size before relaxing)
 .debug_str     0x0007f405      0x1a1 Src/usbd_conf.o
                              0x7aec8 (size before relaxing)
 .debug_str     0x0007f5a6      0x221 Src/usbd_desc.o
                              0x7a150 (size before relaxing)

.comment        0x00000000       0x6e
 .comment       0x00000000       0x6e Drivers/STM32F0xx_HAL_Driver/Src/stm32f0xx_hal.o
                                 0x6f (size before relaxing)
 .comment       0x0000006e       0x6f Drivers/STM32F0xx_HAL_Driver/Src/stm32f0xx_hal_adc.o
 .comment       0x0000006e       0x6f Drivers/STM32F0xx_HAL_Driver/Src/stm32f0xx_hal_cortex.o
 .comment       0x0000006e       0x6f Drivers/STM32F0xx_HAL_Driver/Src/stm32f0xx_hal_gpio.o
 .comment       0x0000006e       0x6f Drivers/STM32F0xx_HAL_Driver/Src/stm32f0xx_hal_i2c.o
 .comment       0x0000006e       0x6f Drivers/STM32F0xx_HAL_Driver/Src/stm32f0xx_hal_i2c_ex.o
 .comment       0x0000006e       0x6f Drivers/STM32F0xx_HAL_Driver/Src/stm32f0xx_hal_pcd.o
 .comment       0x0000006e       0x6f Drivers/STM32F0xx_HAL_Driver/Src/stm32f0xx_hal_pcd_ex.o
 .comment       0x0000006e       0x6f Drivers/STM32F0xx_HAL_Driver/Src/stm32f0xx_hal_pwr.o
 .comment       0x0000006e       0x6f Drivers/STM32F0xx_HAL_Driver/Src/stm32f0xx_hal_rcc.o
 .comment       0x0000006e       0x6f Drivers/STM32F0xx_HAL_Driver/Src/stm32f0xx_hal_rcc_ex.o
 .comment       0x0000006e       0x6f Drivers/STM32F0xx_HAL_Driver/Src/stm32f0xx_hal_rtc.o
 .comment       0x0000006e       0x6f Drivers/STM32F0xx_HAL_Driver/Src/stm32f0xx_hal_tim.o
 .comment       0x0000006e       0x6f Drivers/STM32F0xx_HAL_Driver/Src/stm32f0xx_hal_tim_ex.o
 .comment       0x0000006e       0x6f Drivers/STM32F0xx_HAL_Driver/Src/stm32f0xx_hal_tsc.o
 .comment       0x0000006e       0x6f Middlewares/ST/STM32_USB_Device_Library/Class/CDC/Src/usbd_cdc.o
 .comment       0x0000006e       0x6f Middlewares/ST/STM32_USB_Device_Library/Core/Src/usbd_core.o
 .comment       0x0000006e       0x6f Middlewares/ST/STM32_USB_Device_Library/Core/Src/usbd_ctlreq.o
 .comment       0x0000006e       0x6f Middlewares/ST/STM32_USB_Device_Library/Core/Src/usbd_ioreq.o
 .comment       0x0000006e       0x6f Src/main.o
 .comment       0x0000006e       0x6f Src/stm32f0xx_hal_msp.o
 .comment       0x0000006e       0x6f Src/stm32f0xx_it.o
 .comment       0x0000006e       0x6f Src/system_stm32f0xx.o
 .comment       0x0000006e       0x6f Src/usb_device.o
 .comment       0x0000006e       0x6f Src/usbd_cdc_if.o
 .comment       0x0000006e       0x6f Src/usbd_conf.o
 .comment       0x0000006e       0x6f Src/usbd_desc.o

.debug_frame    0x00000000     0x2fa8
 .debug_frame   0x00000000      0x174 Drivers/STM32F0xx_HAL_Driver/Src/stm32f0xx_hal.o
 .debug_frame   0x00000174      0x280 Drivers/STM32F0xx_HAL_Driver/Src/stm32f0xx_hal_adc.o
 .debug_frame   0x000003f4       0xe4 Drivers/STM32F0xx_HAL_Driver/Src/stm32f0xx_hal_cortex.o
 .debug_frame   0x000004d8       0xd4 Drivers/STM32F0xx_HAL_Driver/Src/stm32f0xx_hal_gpio.o
 .debug_frame   0x000005ac      0x72c Drivers/STM32F0xx_HAL_Driver/Src/stm32f0xx_hal_i2c.o
 .debug_frame   0x00000cd8       0xd0 Drivers/STM32F0xx_HAL_Driver/Src/stm32f0xx_hal_i2c_ex.o
 .debug_frame   0x00000da8      0x318 Drivers/STM32F0xx_HAL_Driver/Src/stm32f0xx_hal_pcd.o
 .debug_frame   0x000010c0       0x28 Drivers/STM32F0xx_HAL_Driver/Src/stm32f0xx_hal_pcd_ex.o
 .debug_frame   0x000010e8       0xd8 Drivers/STM32F0xx_HAL_Driver/Src/stm32f0xx_hal_pwr.o
 .debug_frame   0x000011c0      0x144 Drivers/STM32F0xx_HAL_Driver/Src/stm32f0xx_hal_rcc.o
 .debug_frame   0x00001304      0x11c Drivers/STM32F0xx_HAL_Driver/Src/stm32f0xx_hal_rcc_ex.o
 .debug_frame   0x00001420      0x260 Drivers/STM32F0xx_HAL_Driver/Src/stm32f0xx_hal_rtc.o
 .debug_frame   0x00001680      0x864 Drivers/STM32F0xx_HAL_Driver/Src/stm32f0xx_hal_tim.o
 .debug_frame   0x00001ee4      0x310 Drivers/STM32F0xx_HAL_Driver/Src/stm32f0xx_hal_tim_ex.o
 .debug_frame   0x000021f4      0x184 Drivers/STM32F0xx_HAL_Driver/Src/stm32f0xx_hal_tsc.o
 .debug_frame   0x00002378      0x150 Middlewares/ST/STM32_USB_Device_Library/Class/CDC/Src/usbd_cdc.o
 .debug_frame   0x000024c8      0x1c0 Middlewares/ST/STM32_USB_Device_Library/Core/Src/usbd_core.o
 .debug_frame   0x00002688       0xac Middlewares/ST/STM32_USB_Device_Library/Core/Src/usbd_ctlreq.o
 .debug_frame   0x00002734       0xb8 Middlewares/ST/STM32_USB_Device_Library/Core/Src/usbd_ioreq.o
 .debug_frame   0x000027ec       0xf0 Src/main.o
 .debug_frame   0x000028dc      0x11c Src/stm32f0xx_hal_msp.o
 .debug_frame   0x000029f8       0xb0 Src/stm32f0xx_it.o
 .debug_frame   0x00002aa8       0x3c Src/system_stm32f0xx.o
 .debug_frame   0x00002ae4       0x28 Src/usb_device.o
 .debug_frame   0x00002b0c       0x80 Src/usbd_cdc_if.o
 .debug_frame   0x00002b8c      0x2e0 Src/usbd_conf.o
 .debug_frame   0x00002e6c       0xa8 Src/usbd_desc.o
 .debug_frame   0x00002f14       0x20 c:/users/canna_000/.p2/pool/plugins/fr.ac6.mcu.externaltools.arm-none.win32_1.13.2.201703061525/tools/compiler/bin/../lib/gcc/arm-none-eabi/5.4.1/armv6-m\libgcc.a(_udivsi3.o)
 .debug_frame   0x00002f34       0x20 c:/users/canna_000/.p2/pool/plugins/fr.ac6.mcu.externaltools.arm-none.win32_1.13.2.201703061525/tools/compiler/bin/../lib/gcc/arm-none-eabi/5.4.1/armv6-m\libgcc.a(_divsi3.o)
 .debug_frame   0x00002f54       0x2c c:/users/canna_000/.p2/pool/plugins/fr.ac6.mcu.externaltools.arm-none.win32_1.13.2.201703061525/tools/compiler/bin/../lib/gcc/arm-none-eabi/5.4.1/../../../../arm-none-eabi/lib/armv6-m\libc_nano.a(lib_a-init.o)
 .debug_frame   0x00002f80       0x28 c:/users/canna_000/.p2/pool/plugins/fr.ac6.mcu.externaltools.arm-none.win32_1.13.2.201703061525/tools/compiler/bin/../lib/gcc/arm-none-eabi/5.4.1/../../../../arm-none-eabi/lib/armv6-m\libc_nano.a(lib_a-memcpy-stub.o)
